2025-12-10 15:13:06,132 INFO notifyConnectTimeout:100

2025-12-10 15:13:06,146 INFO notifySocketTimeout:200

2025-12-10 15:13:06,150 INFO isHealthCheck:true

2025-12-10 15:13:06,152 INFO maxHealthCheckFailCount:12

2025-12-10 15:13:06,153 INFO maxContent:10485760

2025-12-10 15:16:43,035 INFO notifyConnectTimeout:100

2025-12-10 15:16:43,044 INFO notifySocketTimeout:200

2025-12-10 15:16:43,044 INFO isHealthCheck:true

2025-12-10 15:16:43,045 INFO maxHealthCheckFailCount:12

2025-12-10 15:16:43,045 INFO maxContent:10485760

2025-12-10 15:16:52,863 INFO All dump page size is set to 50 according to mem limit 972 MB

2025-12-10 15:16:52,907 WARN DumpService start

2025-12-10 15:16:52,908 INFO start clear all config-info.

2025-12-10 15:16:52,910 INFO clear all config-info success.

2025-12-10 15:16:52,910 INFO clear all config-info-tenant success.

2025-12-10 15:16:52,924 INFO start dump all config-info...

2025-12-10 15:16:52,924 INFO success to  dump all config-info。

2025-12-10 15:16:52,925 INFO start clear all config-info-gray.

2025-12-10 15:16:52,926 INFO clear all config-info-gray success.

2025-12-10 15:16:52,926 INFO clear all config-info-gray-tenant success.

2025-12-10 15:21:42,152 INFO notifyConnectTimeout:100

2025-12-10 15:21:42,158 INFO notifySocketTimeout:200

2025-12-10 15:21:42,158 INFO isHealthCheck:true

2025-12-10 15:21:42,158 INFO maxHealthCheckFailCount:12

2025-12-10 15:21:42,159 INFO maxContent:10485760

2025-12-10 15:24:51,441 INFO notifyConnectTimeout:100

2025-12-10 15:24:51,446 INFO notifySocketTimeout:200

2025-12-10 15:24:51,447 INFO isHealthCheck:true

2025-12-10 15:24:51,447 INFO maxHealthCheckFailCount:12

2025-12-10 15:24:51,448 INFO maxContent:10485760

2025-12-10 15:25:30,391 INFO notifyConnectTimeout:100

2025-12-10 15:25:30,398 INFO notifySocketTimeout:200

2025-12-10 15:25:30,399 INFO isHealthCheck:true

2025-12-10 15:25:30,399 INFO maxHealthCheckFailCount:12

2025-12-10 15:25:30,399 INFO maxContent:10485760

2025-12-10 15:25:41,921 INFO All dump page size is set to 50 according to mem limit 972 MB

2025-12-10 15:25:41,972 WARN DumpService start

2025-12-10 15:25:41,973 INFO start clear all config-info.

2025-12-10 15:25:41,975 INFO clear all config-info success.

2025-12-10 15:25:41,975 INFO clear all config-info-tenant success.

2025-12-10 15:25:41,990 INFO start dump all config-info...

2025-12-10 15:25:41,991 INFO success to  dump all config-info。

2025-12-10 15:25:41,991 INFO start clear all config-info-gray.

2025-12-10 15:25:41,992 INFO clear all config-info-gray success.

2025-12-10 15:25:41,992 INFO clear all config-info-gray-tenant success.

2025-12-10 15:30:03,144 INFO notifyConnectTimeout:100

2025-12-10 15:30:03,153 INFO notifySocketTimeout:200

2025-12-10 15:30:03,154 INFO isHealthCheck:true

2025-12-10 15:30:03,155 INFO maxHealthCheckFailCount:12

2025-12-10 15:30:03,156 INFO maxContent:10485760

2025-12-10 15:30:16,798 INFO All dump page size is set to 50 according to mem limit 972 MB

2025-12-10 15:30:16,845 WARN DumpService start

2025-12-10 15:30:16,846 INFO start clear all config-info.

2025-12-10 15:30:16,848 INFO clear all config-info success.

2025-12-10 15:30:16,848 INFO clear all config-info-tenant success.

2025-12-10 15:30:16,865 INFO start dump all config-info...

2025-12-10 15:30:16,866 INFO success to  dump all config-info。

2025-12-10 15:30:16,866 INFO start clear all config-info-gray.

2025-12-10 15:30:16,867 INFO clear all config-info-gray success.

2025-12-10 15:30:16,867 INFO clear all config-info-gray-tenant success.

2025-12-10 16:07:41,909 INFO notifyConnectTimeout:100

2025-12-10 16:07:41,921 INFO notifySocketTimeout:200

2025-12-10 16:07:41,922 INFO isHealthCheck:true

2025-12-10 16:07:41,925 INFO maxHealthCheckFailCount:12

2025-12-10 16:07:41,926 INFO maxContent:10485760

2025-12-10 16:07:58,263 INFO All dump page size is set to 50 according to mem limit 972 MB

2025-12-10 16:07:58,300 WARN DumpService start

2025-12-10 16:07:58,301 INFO start clear all config-info.

2025-12-10 16:07:58,339 INFO clear all config-info success.

2025-12-10 16:07:58,340 INFO clear all config-info-tenant success.

2025-12-10 16:07:58,358 INFO start dump all config-info...

2025-12-10 16:07:58,392 INFO [all-dump] submit all task for 2 / 2, dbTime=31,diskTime=3

2025-12-10 16:07:58,393 INFO [all-dump] wait 2 dump tasks to be finished

2025-12-10 16:07:59,395 INFO success to  dump all config-info。

2025-12-10 16:07:59,396 INFO start clear all config-info-gray.

2025-12-10 16:07:59,397 INFO clear all config-info-gray success.

2025-12-10 16:07:59,398 INFO clear all config-info-gray-tenant success.

