2025-12-10 15:17:25,943 INFO PERFORMANCE:|serviceCount|ipCount|subscribeCount|maxPushCost|avgPushCost|totalPushCount|failPushCount

2025-12-10 15:17:25,944 INFO DISTRO:|V1SyncDone|V1SyncFail|V2SyncDone|V2SyncFail|V2VerifyFail|

2025-12-10 15:17:25,944 INFO PERFORMANCE:|0|0|0|-1|-1|0|0

2025-12-10 15:17:25,949 INFO Task worker status: 
naming_0%8, pending tasks: 0
naming_1%8, pending tasks: 0
naming_2%8, pending tasks: 0
naming_3%8, pending tasks: 0
naming_4%8, pending tasks: 0
naming_5%8, pending tasks: 0
naming_6%8, pending tasks: 0
naming_7%8, pending tasks: 0


2025-12-10 15:17:25,951 INFO DISTRO:|0|0|0|

2025-12-10 15:18:25,952 INFO PERFORMANCE:|0|0|0|-1|-1|0|0

2025-12-10 15:18:25,953 INFO Task worker status: 
naming_0%8, pending tasks: 0
naming_1%8, pending tasks: 0
naming_2%8, pending tasks: 0
naming_3%8, pending tasks: 0
naming_4%8, pending tasks: 0
naming_5%8, pending tasks: 0
naming_6%8, pending tasks: 0
naming_7%8, pending tasks: 0


2025-12-10 15:18:25,954 INFO DISTRO:|0|0|0|

2025-12-10 15:19:25,955 INFO PERFORMANCE:|0|0|0|-1|-1|0|0

2025-12-10 15:19:25,957 INFO Task worker status: 
naming_0%8, pending tasks: 0
naming_1%8, pending tasks: 0
naming_2%8, pending tasks: 0
naming_3%8, pending tasks: 0
naming_4%8, pending tasks: 0
naming_5%8, pending tasks: 0
naming_6%8, pending tasks: 0
naming_7%8, pending tasks: 0


2025-12-10 15:19:25,957 INFO DISTRO:|0|0|0|

2025-12-10 15:26:14,690 INFO PERFORMANCE:|serviceCount|ipCount|subscribeCount|maxPushCost|avgPushCost|totalPushCount|failPushCount

2025-12-10 15:26:14,691 INFO DISTRO:|V1SyncDone|V1SyncFail|V2SyncDone|V2SyncFail|V2VerifyFail|

2025-12-10 15:26:14,692 INFO PERFORMANCE:|0|0|0|-1|-1|0|0

2025-12-10 15:26:14,701 INFO Task worker status: 
naming_0%8, pending tasks: 0
naming_1%8, pending tasks: 0
naming_2%8, pending tasks: 0
naming_3%8, pending tasks: 0
naming_4%8, pending tasks: 0
naming_5%8, pending tasks: 0
naming_6%8, pending tasks: 0
naming_7%8, pending tasks: 0


2025-12-10 15:26:14,702 INFO DISTRO:|0|0|0|

2025-12-10 15:27:14,703 INFO PERFORMANCE:|0|0|0|-1|-1|0|0

2025-12-10 15:27:14,705 INFO Task worker status: 
naming_0%8, pending tasks: 0
naming_1%8, pending tasks: 0
naming_2%8, pending tasks: 0
naming_3%8, pending tasks: 0
naming_4%8, pending tasks: 0
naming_5%8, pending tasks: 0
naming_6%8, pending tasks: 0
naming_7%8, pending tasks: 0


2025-12-10 15:27:14,705 INFO DISTRO:|0|0|0|

2025-12-10 15:28:14,706 INFO PERFORMANCE:|0|0|0|-1|-1|0|0

2025-12-10 15:28:14,707 INFO Task worker status: 
naming_0%8, pending tasks: 0
naming_1%8, pending tasks: 0
naming_2%8, pending tasks: 0
naming_3%8, pending tasks: 0
naming_4%8, pending tasks: 0
naming_5%8, pending tasks: 0
naming_6%8, pending tasks: 0
naming_7%8, pending tasks: 0


2025-12-10 15:28:14,708 INFO DISTRO:|0|0|0|

2025-12-10 15:29:14,707 INFO PERFORMANCE:|0|0|0|-1|-1|0|0

2025-12-10 15:29:14,709 INFO Task worker status: 
naming_0%8, pending tasks: 0
naming_1%8, pending tasks: 0
naming_2%8, pending tasks: 0
naming_3%8, pending tasks: 0
naming_4%8, pending tasks: 0
naming_5%8, pending tasks: 0
naming_6%8, pending tasks: 0
naming_7%8, pending tasks: 0


2025-12-10 15:29:14,709 INFO DISTRO:|0|0|0|

2025-12-10 15:30:49,458 INFO PERFORMANCE:|serviceCount|ipCount|subscribeCount|maxPushCost|avgPushCost|totalPushCount|failPushCount

2025-12-10 15:30:49,459 INFO DISTRO:|V1SyncDone|V1SyncFail|V2SyncDone|V2SyncFail|V2VerifyFail|

2025-12-10 15:30:49,459 INFO PERFORMANCE:|1|1|0|-1|-1|0|0

2025-12-10 15:30:49,460 INFO Task worker status: 
naming_0%8, pending tasks: 0
naming_1%8, pending tasks: 0
naming_2%8, pending tasks: 0
naming_3%8, pending tasks: 0
naming_4%8, pending tasks: 0
naming_5%8, pending tasks: 0
naming_6%8, pending tasks: 0
naming_7%8, pending tasks: 0


2025-12-10 15:30:49,463 INFO DISTRO:|0|0|0|

2025-12-10 15:31:49,464 INFO PERFORMANCE:|1|1|0|-1|-1|0|0

2025-12-10 15:31:49,465 INFO Task worker status: 
naming_0%8, pending tasks: 0
naming_1%8, pending tasks: 0
naming_2%8, pending tasks: 0
naming_3%8, pending tasks: 0
naming_4%8, pending tasks: 0
naming_5%8, pending tasks: 0
naming_6%8, pending tasks: 0
naming_7%8, pending tasks: 0


2025-12-10 15:31:49,466 INFO DISTRO:|0|0|0|

2025-12-10 15:32:49,467 INFO PERFORMANCE:|1|1|0|-1|-1|0|0

2025-12-10 15:32:49,468 INFO Task worker status: 
naming_0%8, pending tasks: 0
naming_1%8, pending tasks: 0
naming_2%8, pending tasks: 0
naming_3%8, pending tasks: 0
naming_4%8, pending tasks: 0
naming_5%8, pending tasks: 0
naming_6%8, pending tasks: 0
naming_7%8, pending tasks: 0


2025-12-10 15:32:49,469 INFO DISTRO:|0|0|0|

2025-12-10 15:33:49,468 INFO PERFORMANCE:|1|1|0|-1|-1|0|0

2025-12-10 15:33:49,470 INFO Task worker status: 
naming_0%8, pending tasks: 0
naming_1%8, pending tasks: 0
naming_2%8, pending tasks: 0
naming_3%8, pending tasks: 0
naming_4%8, pending tasks: 0
naming_5%8, pending tasks: 0
naming_6%8, pending tasks: 0
naming_7%8, pending tasks: 0


2025-12-10 15:33:49,470 INFO DISTRO:|0|0|0|

2025-12-10 15:34:49,471 INFO PERFORMANCE:|1|1|0|-1|-1|0|0

2025-12-10 15:34:49,473 INFO Task worker status: 
naming_0%8, pending tasks: 0
naming_1%8, pending tasks: 0
naming_2%8, pending tasks: 0
naming_3%8, pending tasks: 0
naming_4%8, pending tasks: 0
naming_5%8, pending tasks: 0
naming_6%8, pending tasks: 0
naming_7%8, pending tasks: 0


2025-12-10 15:34:49,474 INFO DISTRO:|0|0|0|

2025-12-10 15:35:49,473 INFO PERFORMANCE:|1|1|0|-1|-1|0|0

2025-12-10 15:35:49,474 INFO Task worker status: 
naming_0%8, pending tasks: 0
naming_1%8, pending tasks: 0
naming_2%8, pending tasks: 0
naming_3%8, pending tasks: 0
naming_4%8, pending tasks: 0
naming_5%8, pending tasks: 0
naming_6%8, pending tasks: 0
naming_7%8, pending tasks: 0


2025-12-10 15:35:49,474 INFO DISTRO:|0|0|0|

2025-12-10 15:36:49,474 INFO PERFORMANCE:|1|1|0|-1|-1|0|0

2025-12-10 15:36:49,476 INFO Task worker status: 
naming_0%8, pending tasks: 0
naming_1%8, pending tasks: 0
naming_2%8, pending tasks: 0
naming_3%8, pending tasks: 0
naming_4%8, pending tasks: 0
naming_5%8, pending tasks: 0
naming_6%8, pending tasks: 0
naming_7%8, pending tasks: 0


2025-12-10 15:36:49,476 INFO DISTRO:|0|0|0|

2025-12-10 15:37:49,488 INFO PERFORMANCE:|1|0|0|-1|-1|0|0

2025-12-10 15:37:49,489 INFO Task worker status: 
naming_0%8, pending tasks: 0
naming_1%8, pending tasks: 0
naming_2%8, pending tasks: 0
naming_3%8, pending tasks: 0
naming_4%8, pending tasks: 0
naming_5%8, pending tasks: 0
naming_6%8, pending tasks: 0
naming_7%8, pending tasks: 0


2025-12-10 15:37:49,489 INFO DISTRO:|0|0|0|

2025-12-10 15:38:49,489 INFO PERFORMANCE:|1|1|0|-1|-1|0|0

2025-12-10 15:38:49,491 INFO Task worker status: 
naming_0%8, pending tasks: 0
naming_1%8, pending tasks: 0
naming_2%8, pending tasks: 0
naming_3%8, pending tasks: 0
naming_4%8, pending tasks: 0
naming_5%8, pending tasks: 0
naming_6%8, pending tasks: 0
naming_7%8, pending tasks: 0


2025-12-10 15:38:49,491 INFO DISTRO:|0|0|0|

2025-12-10 15:39:49,492 INFO PERFORMANCE:|1|1|0|-1|-1|0|0

2025-12-10 15:39:49,493 INFO Task worker status: 
naming_0%8, pending tasks: 0
naming_1%8, pending tasks: 0
naming_2%8, pending tasks: 0
naming_3%8, pending tasks: 0
naming_4%8, pending tasks: 0
naming_5%8, pending tasks: 0
naming_6%8, pending tasks: 0
naming_7%8, pending tasks: 0


2025-12-10 15:39:49,494 INFO DISTRO:|0|0|0|

2025-12-10 15:40:49,493 INFO PERFORMANCE:|serviceCount|ipCount|subscribeCount|maxPushCost|avgPushCost|totalPushCount|failPushCount

2025-12-10 15:40:49,495 INFO DISTRO:|V1SyncDone|V1SyncFail|V2SyncDone|V2SyncFail|V2VerifyFail|

2025-12-10 15:40:49,495 INFO PERFORMANCE:|1|1|0|-1|-1|0|0

2025-12-10 15:40:49,496 INFO Task worker status: 
naming_0%8, pending tasks: 0
naming_1%8, pending tasks: 0
naming_2%8, pending tasks: 0
naming_3%8, pending tasks: 0
naming_4%8, pending tasks: 0
naming_5%8, pending tasks: 0
naming_6%8, pending tasks: 0
naming_7%8, pending tasks: 0


2025-12-10 15:40:49,496 INFO DISTRO:|0|0|0|

2025-12-10 15:41:49,496 INFO PERFORMANCE:|1|1|0|-1|-1|0|0

2025-12-10 15:41:49,498 INFO Task worker status: 
naming_0%8, pending tasks: 0
naming_1%8, pending tasks: 0
naming_2%8, pending tasks: 0
naming_3%8, pending tasks: 0
naming_4%8, pending tasks: 0
naming_5%8, pending tasks: 0
naming_6%8, pending tasks: 0
naming_7%8, pending tasks: 0


2025-12-10 15:41:49,499 INFO DISTRO:|0|0|0|

2025-12-10 15:42:49,499 INFO PERFORMANCE:|1|1|0|-1|-1|0|0

2025-12-10 15:42:49,500 INFO Task worker status: 
naming_0%8, pending tasks: 0
naming_1%8, pending tasks: 0
naming_2%8, pending tasks: 0
naming_3%8, pending tasks: 0
naming_4%8, pending tasks: 0
naming_5%8, pending tasks: 0
naming_6%8, pending tasks: 0
naming_7%8, pending tasks: 0


2025-12-10 15:42:49,501 INFO DISTRO:|0|0|0|

2025-12-10 15:43:49,506 INFO PERFORMANCE:|1|1|0|-1|-1|0|0

2025-12-10 15:43:49,508 INFO Task worker status: 
naming_0%8, pending tasks: 0
naming_1%8, pending tasks: 0
naming_2%8, pending tasks: 0
naming_3%8, pending tasks: 0
naming_4%8, pending tasks: 0
naming_5%8, pending tasks: 0
naming_6%8, pending tasks: 0
naming_7%8, pending tasks: 0


2025-12-10 15:43:49,509 INFO DISTRO:|0|0|0|

2025-12-10 15:44:49,510 INFO PERFORMANCE:|1|1|0|-1|-1|0|0

2025-12-10 15:44:49,511 INFO Task worker status: 
naming_0%8, pending tasks: 0
naming_1%8, pending tasks: 0
naming_2%8, pending tasks: 0
naming_3%8, pending tasks: 0
naming_4%8, pending tasks: 0
naming_5%8, pending tasks: 0
naming_6%8, pending tasks: 0
naming_7%8, pending tasks: 0


2025-12-10 15:44:49,512 INFO DISTRO:|0|0|0|

2025-12-10 15:45:49,510 INFO PERFORMANCE:|1|1|0|-1|-1|0|0

2025-12-10 15:45:49,511 INFO Task worker status: 
naming_0%8, pending tasks: 0
naming_1%8, pending tasks: 0
naming_2%8, pending tasks: 0
naming_3%8, pending tasks: 0
naming_4%8, pending tasks: 0
naming_5%8, pending tasks: 0
naming_6%8, pending tasks: 0
naming_7%8, pending tasks: 0


2025-12-10 15:45:49,511 INFO DISTRO:|0|0|0|

2025-12-10 15:46:49,511 INFO PERFORMANCE:|1|1|0|-1|-1|0|0

2025-12-10 15:46:49,512 INFO Task worker status: 
naming_0%8, pending tasks: 0
naming_1%8, pending tasks: 0
naming_2%8, pending tasks: 0
naming_3%8, pending tasks: 0
naming_4%8, pending tasks: 0
naming_5%8, pending tasks: 0
naming_6%8, pending tasks: 0
naming_7%8, pending tasks: 0


2025-12-10 15:46:49,512 INFO DISTRO:|0|0|0|

2025-12-10 15:47:49,514 INFO PERFORMANCE:|1|1|0|-1|-1|0|0

2025-12-10 15:47:49,515 INFO Task worker status: 
naming_0%8, pending tasks: 0
naming_1%8, pending tasks: 0
naming_2%8, pending tasks: 0
naming_3%8, pending tasks: 0
naming_4%8, pending tasks: 0
naming_5%8, pending tasks: 0
naming_6%8, pending tasks: 0
naming_7%8, pending tasks: 0


2025-12-10 15:47:49,516 INFO DISTRO:|0|0|0|

2025-12-10 15:48:49,517 INFO PERFORMANCE:|1|1|0|-1|-1|0|0

2025-12-10 15:48:49,519 INFO Task worker status: 
naming_0%8, pending tasks: 0
naming_1%8, pending tasks: 0
naming_2%8, pending tasks: 0
naming_3%8, pending tasks: 0
naming_4%8, pending tasks: 0
naming_5%8, pending tasks: 0
naming_6%8, pending tasks: 0
naming_7%8, pending tasks: 0


2025-12-10 15:48:49,520 INFO DISTRO:|0|0|0|

2025-12-10 15:49:49,519 INFO PERFORMANCE:|1|1|0|-1|-1|0|0

2025-12-10 15:49:49,520 INFO Task worker status: 
naming_0%8, pending tasks: 0
naming_1%8, pending tasks: 0
naming_2%8, pending tasks: 0
naming_3%8, pending tasks: 0
naming_4%8, pending tasks: 0
naming_5%8, pending tasks: 0
naming_6%8, pending tasks: 0
naming_7%8, pending tasks: 0


2025-12-10 15:49:49,520 INFO DISTRO:|0|0|0|

2025-12-10 15:50:49,521 INFO PERFORMANCE:|serviceCount|ipCount|subscribeCount|maxPushCost|avgPushCost|totalPushCount|failPushCount

2025-12-10 15:50:49,523 INFO DISTRO:|V1SyncDone|V1SyncFail|V2SyncDone|V2SyncFail|V2VerifyFail|

2025-12-10 15:50:49,524 INFO PERFORMANCE:|1|1|0|-1|-1|0|0

2025-12-10 15:50:49,524 INFO Task worker status: 
naming_0%8, pending tasks: 0
naming_1%8, pending tasks: 0
naming_2%8, pending tasks: 0
naming_3%8, pending tasks: 0
naming_4%8, pending tasks: 0
naming_5%8, pending tasks: 0
naming_6%8, pending tasks: 0
naming_7%8, pending tasks: 0


2025-12-10 15:50:49,525 INFO DISTRO:|0|0|0|

2025-12-10 15:51:49,524 INFO PERFORMANCE:|1|1|0|-1|-1|0|0

2025-12-10 15:51:49,526 INFO Task worker status: 
naming_0%8, pending tasks: 0
naming_1%8, pending tasks: 0
naming_2%8, pending tasks: 0
naming_3%8, pending tasks: 0
naming_4%8, pending tasks: 0
naming_5%8, pending tasks: 0
naming_6%8, pending tasks: 0
naming_7%8, pending tasks: 0


2025-12-10 15:51:49,527 INFO DISTRO:|0|0|0|

2025-12-10 15:52:49,536 INFO PERFORMANCE:|1|1|0|-1|-1|0|0

2025-12-10 15:52:49,538 INFO Task worker status: 
naming_0%8, pending tasks: 0
naming_1%8, pending tasks: 0
naming_2%8, pending tasks: 0
naming_3%8, pending tasks: 0
naming_4%8, pending tasks: 0
naming_5%8, pending tasks: 0
naming_6%8, pending tasks: 0
naming_7%8, pending tasks: 0


2025-12-10 15:52:49,538 INFO DISTRO:|0|0|0|

2025-12-10 15:53:49,539 INFO PERFORMANCE:|1|1|0|-1|-1|0|0

2025-12-10 15:53:49,540 INFO Task worker status: 
naming_0%8, pending tasks: 0
naming_1%8, pending tasks: 0
naming_2%8, pending tasks: 0
naming_3%8, pending tasks: 0
naming_4%8, pending tasks: 0
naming_5%8, pending tasks: 0
naming_6%8, pending tasks: 0
naming_7%8, pending tasks: 0


2025-12-10 15:53:49,541 INFO DISTRO:|0|0|0|

2025-12-10 15:54:49,542 INFO PERFORMANCE:|1|1|0|-1|-1|0|0

2025-12-10 15:54:49,543 INFO Task worker status: 
naming_0%8, pending tasks: 0
naming_1%8, pending tasks: 0
naming_2%8, pending tasks: 0
naming_3%8, pending tasks: 0
naming_4%8, pending tasks: 0
naming_5%8, pending tasks: 0
naming_6%8, pending tasks: 0
naming_7%8, pending tasks: 0


2025-12-10 15:54:49,543 INFO DISTRO:|0|0|0|

2025-12-10 15:55:49,543 INFO PERFORMANCE:|1|1|0|-1|-1|0|0

2025-12-10 15:55:49,545 INFO Task worker status: 
naming_0%8, pending tasks: 0
naming_1%8, pending tasks: 0
naming_2%8, pending tasks: 0
naming_3%8, pending tasks: 0
naming_4%8, pending tasks: 0
naming_5%8, pending tasks: 0
naming_6%8, pending tasks: 0
naming_7%8, pending tasks: 0


2025-12-10 15:55:49,546 INFO DISTRO:|0|0|0|

2025-12-10 15:56:49,545 INFO PERFORMANCE:|1|1|0|-1|-1|0|0

2025-12-10 15:56:49,547 INFO Task worker status: 
naming_0%8, pending tasks: 0
naming_1%8, pending tasks: 0
naming_2%8, pending tasks: 0
naming_3%8, pending tasks: 0
naming_4%8, pending tasks: 0
naming_5%8, pending tasks: 0
naming_6%8, pending tasks: 0
naming_7%8, pending tasks: 0


2025-12-10 15:56:49,548 INFO DISTRO:|0|0|0|

2025-12-10 15:57:49,548 INFO PERFORMANCE:|1|1|0|-1|-1|0|0

2025-12-10 15:57:49,549 INFO Task worker status: 
naming_0%8, pending tasks: 0
naming_1%8, pending tasks: 0
naming_2%8, pending tasks: 0
naming_3%8, pending tasks: 0
naming_4%8, pending tasks: 0
naming_5%8, pending tasks: 0
naming_6%8, pending tasks: 0
naming_7%8, pending tasks: 0


2025-12-10 15:57:49,550 INFO DISTRO:|0|0|0|

2025-12-10 15:58:49,551 INFO PERFORMANCE:|1|1|0|-1|-1|0|0

2025-12-10 15:58:49,552 INFO Task worker status: 
naming_0%8, pending tasks: 0
naming_1%8, pending tasks: 0
naming_2%8, pending tasks: 0
naming_3%8, pending tasks: 0
naming_4%8, pending tasks: 0
naming_5%8, pending tasks: 0
naming_6%8, pending tasks: 0
naming_7%8, pending tasks: 0


2025-12-10 15:58:49,553 INFO DISTRO:|0|0|0|

2025-12-10 15:59:49,553 INFO PERFORMANCE:|1|1|0|-1|-1|0|0

2025-12-10 15:59:49,554 INFO Task worker status: 
naming_0%8, pending tasks: 0
naming_1%8, pending tasks: 0
naming_2%8, pending tasks: 0
naming_3%8, pending tasks: 0
naming_4%8, pending tasks: 0
naming_5%8, pending tasks: 0
naming_6%8, pending tasks: 0
naming_7%8, pending tasks: 0


2025-12-10 15:59:49,554 INFO DISTRO:|0|0|0|

2025-12-10 16:00:49,555 INFO PERFORMANCE:|serviceCount|ipCount|subscribeCount|maxPushCost|avgPushCost|totalPushCount|failPushCount

2025-12-10 16:00:49,556 INFO DISTRO:|V1SyncDone|V1SyncFail|V2SyncDone|V2SyncFail|V2VerifyFail|

2025-12-10 16:00:49,557 INFO PERFORMANCE:|1|1|0|-1|-1|0|0

2025-12-10 16:00:49,557 INFO Task worker status: 
naming_0%8, pending tasks: 0
naming_1%8, pending tasks: 0
naming_2%8, pending tasks: 0
naming_3%8, pending tasks: 0
naming_4%8, pending tasks: 0
naming_5%8, pending tasks: 0
naming_6%8, pending tasks: 0
naming_7%8, pending tasks: 0


2025-12-10 16:00:49,558 INFO DISTRO:|0|0|0|

2025-12-10 16:01:49,558 INFO PERFORMANCE:|1|1|0|-1|-1|0|0

2025-12-10 16:01:49,559 INFO Task worker status: 
naming_0%8, pending tasks: 0
naming_1%8, pending tasks: 0
naming_2%8, pending tasks: 0
naming_3%8, pending tasks: 0
naming_4%8, pending tasks: 0
naming_5%8, pending tasks: 0
naming_6%8, pending tasks: 0
naming_7%8, pending tasks: 0


2025-12-10 16:01:49,560 INFO DISTRO:|0|0|0|

2025-12-10 16:02:49,560 INFO PERFORMANCE:|1|1|0|-1|-1|0|0

2025-12-10 16:02:49,561 INFO Task worker status: 
naming_0%8, pending tasks: 0
naming_1%8, pending tasks: 0
naming_2%8, pending tasks: 0
naming_3%8, pending tasks: 0
naming_4%8, pending tasks: 0
naming_5%8, pending tasks: 0
naming_6%8, pending tasks: 0
naming_7%8, pending tasks: 0


2025-12-10 16:02:49,562 INFO DISTRO:|0|0|0|

2025-12-10 16:03:49,563 INFO PERFORMANCE:|1|1|0|-1|-1|0|0

2025-12-10 16:03:49,566 INFO Task worker status: 
naming_0%8, pending tasks: 0
naming_1%8, pending tasks: 0
naming_2%8, pending tasks: 0
naming_3%8, pending tasks: 0
naming_4%8, pending tasks: 0
naming_5%8, pending tasks: 0
naming_6%8, pending tasks: 0
naming_7%8, pending tasks: 0


2025-12-10 16:03:49,566 INFO DISTRO:|0|0|0|

2025-12-10 16:04:49,566 INFO PERFORMANCE:|1|1|0|-1|-1|0|0

2025-12-10 16:04:49,568 INFO Task worker status: 
naming_0%8, pending tasks: 0
naming_1%8, pending tasks: 0
naming_2%8, pending tasks: 0
naming_3%8, pending tasks: 0
naming_4%8, pending tasks: 0
naming_5%8, pending tasks: 0
naming_6%8, pending tasks: 0
naming_7%8, pending tasks: 0


2025-12-10 16:04:49,568 INFO DISTRO:|0|0|0|

2025-12-10 16:05:49,569 INFO PERFORMANCE:|1|1|0|-1|-1|0|0

2025-12-10 16:05:49,570 INFO Task worker status: 
naming_0%8, pending tasks: 0
naming_1%8, pending tasks: 0
naming_2%8, pending tasks: 0
naming_3%8, pending tasks: 0
naming_4%8, pending tasks: 0
naming_5%8, pending tasks: 0
naming_6%8, pending tasks: 0
naming_7%8, pending tasks: 0


2025-12-10 16:05:49,571 INFO DISTRO:|0|0|0|

2025-12-10 16:06:49,571 INFO PERFORMANCE:|1|1|0|-1|-1|0|0

2025-12-10 16:06:49,571 INFO Task worker status: 
naming_0%8, pending tasks: 0
naming_1%8, pending tasks: 0
naming_2%8, pending tasks: 0
naming_3%8, pending tasks: 0
naming_4%8, pending tasks: 0
naming_5%8, pending tasks: 0
naming_6%8, pending tasks: 0
naming_7%8, pending tasks: 0


2025-12-10 16:06:49,572 INFO DISTRO:|0|0|0|

2025-12-10 16:08:31,095 INFO PERFORMANCE:|serviceCount|ipCount|subscribeCount|maxPushCost|avgPushCost|totalPushCount|failPushCount

2025-12-10 16:08:31,096 INFO DISTRO:|V1SyncDone|V1SyncFail|V2SyncDone|V2SyncFail|V2VerifyFail|

2025-12-10 16:08:31,097 INFO PERFORMANCE:|1|1|0|-1|-1|0|0

2025-12-10 16:08:31,098 INFO Task worker status: 
naming_0%8, pending tasks: 0
naming_1%8, pending tasks: 0
naming_2%8, pending tasks: 0
naming_3%8, pending tasks: 0
naming_4%8, pending tasks: 0
naming_5%8, pending tasks: 0
naming_6%8, pending tasks: 0
naming_7%8, pending tasks: 0


2025-12-10 16:08:31,100 INFO DISTRO:|0|0|0|

2025-12-10 16:09:31,099 INFO PERFORMANCE:|1|1|0|-1|-1|0|0

2025-12-10 16:09:31,100 INFO Task worker status: 
naming_0%8, pending tasks: 0
naming_1%8, pending tasks: 0
naming_2%8, pending tasks: 0
naming_3%8, pending tasks: 0
naming_4%8, pending tasks: 0
naming_5%8, pending tasks: 0
naming_6%8, pending tasks: 0
naming_7%8, pending tasks: 0


2025-12-10 16:09:31,100 INFO DISTRO:|0|0|0|

2025-12-10 16:10:31,101 INFO PERFORMANCE:|1|1|0|-1|-1|0|0

2025-12-10 16:10:31,101 INFO Task worker status: 
naming_0%8, pending tasks: 0
naming_1%8, pending tasks: 0
naming_2%8, pending tasks: 0
naming_3%8, pending tasks: 0
naming_4%8, pending tasks: 0
naming_5%8, pending tasks: 0
naming_6%8, pending tasks: 0
naming_7%8, pending tasks: 0


2025-12-10 16:10:31,102 INFO DISTRO:|0|0|0|

2025-12-10 16:11:31,101 INFO PERFORMANCE:|1|1|0|-1|-1|0|0

2025-12-10 16:11:31,102 INFO Task worker status: 
naming_0%8, pending tasks: 0
naming_1%8, pending tasks: 0
naming_2%8, pending tasks: 0
naming_3%8, pending tasks: 0
naming_4%8, pending tasks: 0
naming_5%8, pending tasks: 0
naming_6%8, pending tasks: 0
naming_7%8, pending tasks: 0


2025-12-10 16:11:31,103 INFO DISTRO:|0|0|0|

2025-12-10 16:12:31,103 INFO PERFORMANCE:|1|1|0|-1|-1|0|0

2025-12-10 16:12:31,104 INFO Task worker status: 
naming_0%8, pending tasks: 0
naming_1%8, pending tasks: 0
naming_2%8, pending tasks: 0
naming_3%8, pending tasks: 0
naming_4%8, pending tasks: 0
naming_5%8, pending tasks: 0
naming_6%8, pending tasks: 0
naming_7%8, pending tasks: 0


2025-12-10 16:12:31,104 INFO DISTRO:|0|0|0|

2025-12-10 16:13:31,104 INFO PERFORMANCE:|1|1|0|-1|-1|0|0

2025-12-10 16:13:31,107 INFO Task worker status: 
naming_0%8, pending tasks: 0
naming_1%8, pending tasks: 0
naming_2%8, pending tasks: 0
naming_3%8, pending tasks: 0
naming_4%8, pending tasks: 0
naming_5%8, pending tasks: 0
naming_6%8, pending tasks: 0
naming_7%8, pending tasks: 0


2025-12-10 16:13:31,108 INFO DISTRO:|0|0|0|

2025-12-10 16:14:31,109 INFO PERFORMANCE:|1|1|0|-1|-1|0|0

2025-12-10 16:14:31,111 INFO Task worker status: 
naming_0%8, pending tasks: 0
naming_1%8, pending tasks: 0
naming_2%8, pending tasks: 0
naming_3%8, pending tasks: 0
naming_4%8, pending tasks: 0
naming_5%8, pending tasks: 0
naming_6%8, pending tasks: 0
naming_7%8, pending tasks: 0


2025-12-10 16:14:31,113 INFO DISTRO:|0|0|0|

2025-12-10 16:15:31,112 INFO PERFORMANCE:|1|1|0|-1|-1|0|0

2025-12-10 16:15:31,112 INFO Task worker status: 
naming_0%8, pending tasks: 0
naming_1%8, pending tasks: 0
naming_2%8, pending tasks: 0
naming_3%8, pending tasks: 0
naming_4%8, pending tasks: 0
naming_5%8, pending tasks: 0
naming_6%8, pending tasks: 0
naming_7%8, pending tasks: 0


2025-12-10 16:15:31,112 INFO DISTRO:|0|0|0|

2025-12-10 16:16:31,111 INFO PERFORMANCE:|1|1|0|-1|-1|0|0

2025-12-10 16:16:31,112 INFO Task worker status: 
naming_0%8, pending tasks: 0
naming_1%8, pending tasks: 0
naming_2%8, pending tasks: 0
naming_3%8, pending tasks: 0
naming_4%8, pending tasks: 0
naming_5%8, pending tasks: 0
naming_6%8, pending tasks: 0
naming_7%8, pending tasks: 0


2025-12-10 16:16:31,113 INFO DISTRO:|0|0|0|

2025-12-10 16:17:31,114 INFO PERFORMANCE:|1|1|0|-1|-1|0|0

2025-12-10 16:17:31,116 INFO Task worker status: 
naming_0%8, pending tasks: 0
naming_1%8, pending tasks: 0
naming_2%8, pending tasks: 0
naming_3%8, pending tasks: 0
naming_4%8, pending tasks: 0
naming_5%8, pending tasks: 0
naming_6%8, pending tasks: 0
naming_7%8, pending tasks: 0


2025-12-10 16:17:31,116 INFO DISTRO:|0|0|0|

2025-12-10 16:18:31,116 INFO PERFORMANCE:|serviceCount|ipCount|subscribeCount|maxPushCost|avgPushCost|totalPushCount|failPushCount

2025-12-10 16:18:31,118 INFO DISTRO:|V1SyncDone|V1SyncFail|V2SyncDone|V2SyncFail|V2VerifyFail|

2025-12-10 16:18:31,118 INFO PERFORMANCE:|1|1|0|-1|-1|0|0

2025-12-10 16:18:31,119 INFO Task worker status: 
naming_0%8, pending tasks: 0
naming_1%8, pending tasks: 0
naming_2%8, pending tasks: 0
naming_3%8, pending tasks: 0
naming_4%8, pending tasks: 0
naming_5%8, pending tasks: 0
naming_6%8, pending tasks: 0
naming_7%8, pending tasks: 0


2025-12-10 16:18:31,119 INFO DISTRO:|0|0|0|

2025-12-10 16:19:31,119 INFO PERFORMANCE:|2|2|0|-1|-1|0|0

2025-12-10 16:19:31,121 INFO Task worker status: 
naming_0%8, pending tasks: 0
naming_1%8, pending tasks: 0
naming_2%8, pending tasks: 0
naming_3%8, pending tasks: 0
naming_4%8, pending tasks: 0
naming_5%8, pending tasks: 0
naming_6%8, pending tasks: 0
naming_7%8, pending tasks: 0


2025-12-10 16:19:31,121 INFO DISTRO:|0|0|0|

2025-12-10 16:20:31,122 INFO PERFORMANCE:|2|2|0|-1|-1|0|0

2025-12-10 16:20:31,123 INFO Task worker status: 
naming_0%8, pending tasks: 0
naming_1%8, pending tasks: 0
naming_2%8, pending tasks: 0
naming_3%8, pending tasks: 0
naming_4%8, pending tasks: 0
naming_5%8, pending tasks: 0
naming_6%8, pending tasks: 0
naming_7%8, pending tasks: 0


2025-12-10 16:20:31,124 INFO DISTRO:|0|0|0|

2025-12-10 16:21:31,124 INFO PERFORMANCE:|2|2|0|-1|-1|0|0

2025-12-10 16:21:31,125 INFO Task worker status: 
naming_0%8, pending tasks: 0
naming_1%8, pending tasks: 0
naming_2%8, pending tasks: 0
naming_3%8, pending tasks: 0
naming_4%8, pending tasks: 0
naming_5%8, pending tasks: 0
naming_6%8, pending tasks: 0
naming_7%8, pending tasks: 0


2025-12-10 16:21:31,125 INFO DISTRO:|0|0|0|

