2025-06-05 10:16:46,118 INFO Not configure type of control plugin, no limit control for current node.

2025-06-05 10:16:46,126 INFO Load connection metrics collector,size=2,[com.alibaba.nacos.config.server.service.LongPollingConnectionMetricsCollector@55787112, com.alibaba.nacos.core.remote.LongConnectionMetricsCollector@7db82169]

2025-06-05 10:16:46,130 INFO No connection rule content found ,use default empty rule 

2025-06-05 10:16:46,184 INFO No tps control rule of CONFIG_PUSH_COUNT found,content =null  

2025-06-05 10:16:46,185 WARN Tps point for CONFIG_PUSH_COUNT registered, But tps control manager is no limit implementation.

2025-06-05 10:16:46,187 INFO No tps control rule of CONFIG_PUSH_SUCCESS found,content =null  

2025-06-05 10:16:46,188 WARN Tps point for CONFIG_PUSH_SUCCESS registered, But tps control manager is no limit implementation.

2025-06-05 10:16:46,191 INFO No tps control rule of CONFIG_PUSH_FAIL found,content =null  

2025-06-05 10:16:46,191 WARN Tps point for CONFIG_PUSH_FAIL registered, But tps control manager is no limit implementation.

2025-06-05 10:16:52,185 INFO No tps control rule of ConfigQuery found,content =null  

2025-06-05 10:16:52,185 WARN Tps point for ConfigQuery registered, But tps control manager is no limit implementation.

2025-06-05 10:16:52,186 INFO No tps control rule of ClusterConfigChangeNotify found,content =null  

2025-06-05 10:16:52,186 WARN Tps point for ClusterConfigChangeNotify registered, But tps control manager is no limit implementation.

2025-06-05 10:16:52,204 INFO No tps control rule of ConfigListen found,content =null  

2025-06-05 10:16:52,204 WARN Tps point for ConfigListen registered, But tps control manager is no limit implementation.

2025-06-05 10:16:52,205 INFO No tps control rule of ConfigRemove found,content =null  

2025-06-05 10:16:52,205 WARN Tps point for ConfigRemove registered, But tps control manager is no limit implementation.

2025-06-05 10:16:52,205 INFO No tps control rule of ConfigPublish found,content =null  

2025-06-05 10:16:52,205 WARN Tps point for ConfigPublish registered, But tps control manager is no limit implementation.

2025-06-05 10:16:52,206 INFO No tps control rule of HealthCheck found,content =null  

2025-06-05 10:16:52,206 WARN Tps point for HealthCheck registered, But tps control manager is no limit implementation.

2025-06-05 10:16:52,206 INFO No tps control rule of RemoteNamingServiceQuery found,content =null  

2025-06-05 10:16:52,207 WARN Tps point for RemoteNamingServiceQuery registered, But tps control manager is no limit implementation.

2025-06-05 10:16:52,207 INFO No tps control rule of RemoteNamingInstanceBatchRegister found,content =null  

2025-06-05 10:16:52,207 WARN Tps point for RemoteNamingInstanceBatchRegister registered, But tps control manager is no limit implementation.

2025-06-05 10:16:52,207 INFO No tps control rule of RemoteNamingInstanceRegisterDeregister found,content =null  

2025-06-05 10:16:52,208 WARN Tps point for RemoteNamingInstanceRegisterDeregister registered, But tps control manager is no limit implementation.

2025-06-05 10:16:52,208 INFO No tps control rule of RemoteNamingServiceListQuery found,content =null  

2025-06-05 10:16:52,208 WARN Tps point for RemoteNamingServiceListQuery registered, But tps control manager is no limit implementation.

2025-06-05 10:16:52,208 INFO No tps control rule of RemoteNamingServiceSubscribeUnSubscribe found,content =null  

2025-06-05 10:16:52,209 WARN Tps point for RemoteNamingServiceSubscribeUnSubscribe registered, But tps control manager is no limit implementation.

2025-06-05 10:16:52,209 WARN Tps point for RemoteNamingInstanceRegisterDeregister registered, But tps control manager is no limit implementation.

2025-06-05 10:16:52,210 INFO No tps control rule of NamingServiceDeregister found,content =null  

2025-06-05 10:16:52,211 WARN Tps point for NamingServiceDeregister registered, But tps control manager is no limit implementation.

2025-06-05 10:16:52,211 INFO No tps control rule of NamingInstanceRegister found,content =null  

2025-06-05 10:16:52,212 WARN Tps point for NamingInstanceRegister registered, But tps control manager is no limit implementation.

2025-06-05 10:16:52,212 WARN Tps point for ConfigQuery registered, But tps control manager is no limit implementation.

2025-06-05 10:16:52,212 INFO No tps control rule of NamingInstanceQuery found,content =null  

2025-06-05 10:16:52,213 WARN Tps point for NamingInstanceQuery registered, But tps control manager is no limit implementation.

2025-06-05 10:16:52,213 INFO No tps control rule of NamingInstanceDeregister found,content =null  

2025-06-05 10:16:52,213 WARN Tps point for NamingInstanceDeregister registered, But tps control manager is no limit implementation.

2025-06-05 10:16:52,213 INFO No tps control rule of HttpHealthCheck found,content =null  

2025-06-05 10:16:52,214 WARN Tps point for HttpHealthCheck registered, But tps control manager is no limit implementation.

2025-06-05 10:16:52,214 INFO No tps control rule of NamingInstanceMetadataUpdate found,content =null  

2025-06-05 10:16:52,214 WARN Tps point for NamingInstanceMetadataUpdate registered, But tps control manager is no limit implementation.

2025-06-05 10:16:52,215 INFO No tps control rule of NamingServiceSubscribe found,content =null  

2025-06-05 10:16:52,215 WARN Tps point for NamingServiceSubscribe registered, But tps control manager is no limit implementation.

2025-06-05 10:16:52,215 INFO No tps control rule of NamingServiceListQuery found,content =null  

2025-06-05 10:16:52,215 WARN Tps point for NamingServiceListQuery registered, But tps control manager is no limit implementation.

2025-06-05 10:16:52,215 WARN Tps point for NamingInstanceDeregister registered, But tps control manager is no limit implementation.

2025-06-05 10:16:52,216 WARN Tps point for NamingInstanceQuery registered, But tps control manager is no limit implementation.

2025-06-05 10:16:52,216 INFO No tps control rule of NamingServiceRegister found,content =null  

2025-06-05 10:16:52,216 WARN Tps point for NamingServiceRegister registered, But tps control manager is no limit implementation.

2025-06-05 10:16:52,216 WARN Tps point for NamingServiceListQuery registered, But tps control manager is no limit implementation.

2025-06-05 10:16:52,217 WARN Tps point for NamingServiceDeregister registered, But tps control manager is no limit implementation.

2025-06-05 10:16:52,217 INFO No tps control rule of NamingInstanceUpdate found,content =null  

2025-06-05 10:16:52,217 WARN Tps point for NamingInstanceUpdate registered, But tps control manager is no limit implementation.

2025-06-05 10:16:52,217 WARN Tps point for NamingServiceSubscribe registered, But tps control manager is no limit implementation.

2025-06-05 10:16:52,218 WARN Tps point for NamingInstanceMetadataUpdate registered, But tps control manager is no limit implementation.

2025-06-05 10:16:52,218 INFO No tps control rule of NamingServiceQuery found,content =null  

2025-06-05 10:16:52,218 WARN Tps point for NamingServiceQuery registered, But tps control manager is no limit implementation.

2025-06-05 10:16:52,219 WARN Tps point for NamingServiceRegister registered, But tps control manager is no limit implementation.

2025-06-05 10:16:52,219 WARN Tps point for NamingInstanceUpdate registered, But tps control manager is no limit implementation.

2025-06-05 10:16:52,219 INFO No tps control rule of NamingServiceUpdate found,content =null  

2025-06-05 10:16:52,220 WARN Tps point for NamingServiceUpdate registered, But tps control manager is no limit implementation.

2025-06-05 10:16:52,220 WARN Tps point for NamingInstanceMetadataUpdate registered, But tps control manager is no limit implementation.

2025-06-05 10:16:52,220 WARN Tps point for NamingInstanceRegister registered, But tps control manager is no limit implementation.

2025-06-05 10:16:52,221 WARN Tps point for ConfigPublish registered, But tps control manager is no limit implementation.

2025-06-05 10:16:52,221 WARN Tps point for HttpHealthCheck registered, But tps control manager is no limit implementation.

2025-06-05 10:16:52,222 WARN Tps point for NamingServiceUpdate registered, But tps control manager is no limit implementation.

2025-06-05 10:16:52,222 WARN Tps point for NamingServiceQuery registered, But tps control manager is no limit implementation.

2025-06-05 10:16:52,222 WARN Tps point for NamingInstanceMetadataUpdate registered, But tps control manager is no limit implementation.

2025-06-05 11:08:05,035 INFO Not configure type of control plugin, no limit control for current node.

2025-06-05 11:08:05,038 INFO Load connection metrics collector,size=2,[com.alibaba.nacos.config.server.service.LongPollingConnectionMetricsCollector@3185fa6b, com.alibaba.nacos.core.remote.LongConnectionMetricsCollector@5b58ed3c]

2025-06-05 11:08:05,041 INFO No connection rule content found ,use default empty rule 

2025-06-05 11:08:05,061 INFO No tps control rule of CONFIG_PUSH_COUNT found,content =null  

2025-06-05 11:08:05,061 WARN Tps point for CONFIG_PUSH_COUNT registered, But tps control manager is no limit implementation.

2025-06-05 11:08:05,062 INFO No tps control rule of CONFIG_PUSH_SUCCESS found,content =null  

2025-06-05 11:08:05,062 WARN Tps point for CONFIG_PUSH_SUCCESS registered, But tps control manager is no limit implementation.

2025-06-05 11:08:05,062 INFO No tps control rule of CONFIG_PUSH_FAIL found,content =null  

2025-06-05 11:08:05,063 WARN Tps point for CONFIG_PUSH_FAIL registered, But tps control manager is no limit implementation.

2025-06-05 11:08:09,876 INFO No tps control rule of ConfigQuery found,content =null  

2025-06-05 11:08:09,876 WARN Tps point for ConfigQuery registered, But tps control manager is no limit implementation.

2025-06-05 11:08:09,877 INFO No tps control rule of ClusterConfigChangeNotify found,content =null  

2025-06-05 11:08:09,878 WARN Tps point for ClusterConfigChangeNotify registered, But tps control manager is no limit implementation.

2025-06-05 11:08:09,894 INFO No tps control rule of ConfigListen found,content =null  

2025-06-05 11:08:09,897 WARN Tps point for ConfigListen registered, But tps control manager is no limit implementation.

2025-06-05 11:08:09,897 INFO No tps control rule of ConfigRemove found,content =null  

2025-06-05 11:08:09,897 WARN Tps point for ConfigRemove registered, But tps control manager is no limit implementation.

2025-06-05 11:08:09,897 INFO No tps control rule of ConfigPublish found,content =null  

2025-06-05 11:08:09,898 WARN Tps point for ConfigPublish registered, But tps control manager is no limit implementation.

2025-06-05 11:08:09,898 INFO No tps control rule of HealthCheck found,content =null  

2025-06-05 11:08:09,898 WARN Tps point for HealthCheck registered, But tps control manager is no limit implementation.

2025-06-05 11:08:09,898 INFO No tps control rule of RemoteNamingServiceQuery found,content =null  

2025-06-05 11:08:09,899 WARN Tps point for RemoteNamingServiceQuery registered, But tps control manager is no limit implementation.

2025-06-05 11:08:09,899 INFO No tps control rule of RemoteNamingInstanceBatchRegister found,content =null  

2025-06-05 11:08:09,899 WARN Tps point for RemoteNamingInstanceBatchRegister registered, But tps control manager is no limit implementation.

2025-06-05 11:08:09,900 INFO No tps control rule of RemoteNamingInstanceRegisterDeregister found,content =null  

2025-06-05 11:08:09,900 WARN Tps point for RemoteNamingInstanceRegisterDeregister registered, But tps control manager is no limit implementation.

2025-06-05 11:08:09,900 INFO No tps control rule of RemoteNamingServiceListQuery found,content =null  

2025-06-05 11:08:09,900 WARN Tps point for RemoteNamingServiceListQuery registered, But tps control manager is no limit implementation.

2025-06-05 11:08:09,900 INFO No tps control rule of RemoteNamingServiceSubscribeUnSubscribe found,content =null  

2025-06-05 11:08:09,901 WARN Tps point for RemoteNamingServiceSubscribeUnSubscribe registered, But tps control manager is no limit implementation.

2025-06-05 11:08:09,902 WARN Tps point for RemoteNamingInstanceRegisterDeregister registered, But tps control manager is no limit implementation.

2025-06-05 11:08:09,906 INFO No tps control rule of NamingServiceListQuery found,content =null  

2025-06-05 11:08:09,906 WARN Tps point for NamingServiceListQuery registered, But tps control manager is no limit implementation.

2025-06-05 11:08:09,906 INFO No tps control rule of NamingInstanceQuery found,content =null  

2025-06-05 11:08:09,906 WARN Tps point for NamingInstanceQuery registered, But tps control manager is no limit implementation.

2025-06-05 11:08:09,906 INFO No tps control rule of NamingInstanceMetadataUpdate found,content =null  

2025-06-05 11:08:09,907 WARN Tps point for NamingInstanceMetadataUpdate registered, But tps control manager is no limit implementation.

2025-06-05 11:08:09,907 INFO No tps control rule of NamingServiceRegister found,content =null  

2025-06-05 11:08:09,907 WARN Tps point for NamingServiceRegister registered, But tps control manager is no limit implementation.

2025-06-05 11:08:09,907 INFO No tps control rule of NamingServiceUpdate found,content =null  

2025-06-05 11:08:09,907 WARN Tps point for NamingServiceUpdate registered, But tps control manager is no limit implementation.

2025-06-05 11:08:09,908 WARN Tps point for NamingInstanceQuery registered, But tps control manager is no limit implementation.

2025-06-05 11:08:09,908 INFO No tps control rule of HttpHealthCheck found,content =null  

2025-06-05 11:08:09,908 WARN Tps point for HttpHealthCheck registered, But tps control manager is no limit implementation.

2025-06-05 11:08:09,908 INFO No tps control rule of NamingServiceSubscribe found,content =null  

2025-06-05 11:08:09,909 WARN Tps point for NamingServiceSubscribe registered, But tps control manager is no limit implementation.

2025-06-05 11:08:09,909 INFO No tps control rule of NamingServiceDeregister found,content =null  

2025-06-05 11:08:09,909 WARN Tps point for NamingServiceDeregister registered, But tps control manager is no limit implementation.

2025-06-05 11:08:09,909 WARN Tps point for ConfigQuery registered, But tps control manager is no limit implementation.

2025-06-05 11:08:09,910 WARN Tps point for ConfigPublish registered, But tps control manager is no limit implementation.

2025-06-05 11:08:09,910 INFO No tps control rule of NamingInstanceDeregister found,content =null  

2025-06-05 11:08:09,911 WARN Tps point for NamingInstanceDeregister registered, But tps control manager is no limit implementation.

2025-06-05 11:08:09,911 INFO No tps control rule of NamingInstanceRegister found,content =null  

2025-06-05 11:08:09,911 WARN Tps point for NamingInstanceRegister registered, But tps control manager is no limit implementation.

2025-06-05 11:08:09,911 INFO No tps control rule of NamingInstanceUpdate found,content =null  

2025-06-05 11:08:09,912 WARN Tps point for NamingInstanceUpdate registered, But tps control manager is no limit implementation.

2025-06-05 11:08:09,913 WARN Tps point for NamingInstanceDeregister registered, But tps control manager is no limit implementation.

2025-06-05 11:08:09,914 WARN Tps point for NamingInstanceUpdate registered, But tps control manager is no limit implementation.

2025-06-05 11:08:09,914 WARN Tps point for NamingInstanceRegister registered, But tps control manager is no limit implementation.

2025-06-05 11:08:09,916 WARN Tps point for HttpHealthCheck registered, But tps control manager is no limit implementation.

2025-06-05 11:08:09,916 WARN Tps point for NamingInstanceMetadataUpdate registered, But tps control manager is no limit implementation.

2025-06-05 11:08:09,916 WARN Tps point for NamingServiceListQuery registered, But tps control manager is no limit implementation.

2025-06-05 11:08:09,917 WARN Tps point for NamingInstanceMetadataUpdate registered, But tps control manager is no limit implementation.

2025-06-05 11:08:09,918 INFO No tps control rule of NamingServiceQuery found,content =null  

2025-06-05 11:08:09,918 WARN Tps point for NamingServiceQuery registered, But tps control manager is no limit implementation.

2025-06-05 11:08:09,918 WARN Tps point for NamingServiceSubscribe registered, But tps control manager is no limit implementation.

2025-06-05 11:08:09,919 WARN Tps point for NamingServiceDeregister registered, But tps control manager is no limit implementation.

2025-06-05 11:08:09,919 WARN Tps point for NamingServiceQuery registered, But tps control manager is no limit implementation.

2025-06-05 11:08:09,919 WARN Tps point for NamingInstanceMetadataUpdate registered, But tps control manager is no limit implementation.

2025-06-05 11:08:09,919 WARN Tps point for NamingServiceRegister registered, But tps control manager is no limit implementation.

2025-06-05 11:08:09,921 WARN Tps point for NamingServiceUpdate registered, But tps control manager is no limit implementation.

2025-06-05 14:16:39,138 INFO Not configure type of control plugin, no limit control for current node.

2025-06-05 14:16:39,142 INFO Load connection metrics collector,size=2,[com.alibaba.nacos.config.server.service.LongPollingConnectionMetricsCollector@55787112, com.alibaba.nacos.core.remote.LongConnectionMetricsCollector@7db82169]

2025-06-05 14:16:39,143 INFO No connection rule content found ,use default empty rule 

2025-06-05 14:16:39,168 INFO No tps control rule of CONFIG_PUSH_COUNT found,content =null  

2025-06-05 14:16:39,168 WARN Tps point for CONFIG_PUSH_COUNT registered, But tps control manager is no limit implementation.

2025-06-05 14:16:39,168 INFO No tps control rule of CONFIG_PUSH_SUCCESS found,content =null  

2025-06-05 14:16:39,169 WARN Tps point for CONFIG_PUSH_SUCCESS registered, But tps control manager is no limit implementation.

2025-06-05 14:16:39,169 INFO No tps control rule of CONFIG_PUSH_FAIL found,content =null  

2025-06-05 14:16:39,169 WARN Tps point for CONFIG_PUSH_FAIL registered, But tps control manager is no limit implementation.

2025-06-05 14:16:44,528 INFO No tps control rule of ConfigQuery found,content =null  

2025-06-05 14:16:44,529 WARN Tps point for ConfigQuery registered, But tps control manager is no limit implementation.

2025-06-05 14:16:44,529 INFO No tps control rule of ClusterConfigChangeNotify found,content =null  

2025-06-05 14:16:44,530 WARN Tps point for ClusterConfigChangeNotify registered, But tps control manager is no limit implementation.

2025-06-05 14:16:44,545 INFO No tps control rule of ConfigListen found,content =null  

2025-06-05 14:16:44,545 WARN Tps point for ConfigListen registered, But tps control manager is no limit implementation.

2025-06-05 14:16:44,545 INFO No tps control rule of ConfigRemove found,content =null  

2025-06-05 14:16:44,546 WARN Tps point for ConfigRemove registered, But tps control manager is no limit implementation.

2025-06-05 14:16:44,546 INFO No tps control rule of ConfigPublish found,content =null  

2025-06-05 14:16:44,546 WARN Tps point for ConfigPublish registered, But tps control manager is no limit implementation.

2025-06-05 14:16:44,547 INFO No tps control rule of HealthCheck found,content =null  

2025-06-05 14:16:44,547 WARN Tps point for HealthCheck registered, But tps control manager is no limit implementation.

2025-06-05 14:16:44,548 INFO No tps control rule of RemoteNamingServiceQuery found,content =null  

2025-06-05 14:16:44,548 WARN Tps point for RemoteNamingServiceQuery registered, But tps control manager is no limit implementation.

2025-06-05 14:16:44,548 INFO No tps control rule of RemoteNamingInstanceBatchRegister found,content =null  

2025-06-05 14:16:44,548 WARN Tps point for RemoteNamingInstanceBatchRegister registered, But tps control manager is no limit implementation.

2025-06-05 14:16:44,549 INFO No tps control rule of RemoteNamingInstanceRegisterDeregister found,content =null  

2025-06-05 14:16:44,549 WARN Tps point for RemoteNamingInstanceRegisterDeregister registered, But tps control manager is no limit implementation.

2025-06-05 14:16:44,549 INFO No tps control rule of RemoteNamingServiceListQuery found,content =null  

2025-06-05 14:16:44,549 WARN Tps point for RemoteNamingServiceListQuery registered, But tps control manager is no limit implementation.

2025-06-05 14:16:44,550 INFO No tps control rule of RemoteNamingServiceSubscribeUnSubscribe found,content =null  

2025-06-05 14:16:44,550 WARN Tps point for RemoteNamingServiceSubscribeUnSubscribe registered, But tps control manager is no limit implementation.

2025-06-05 14:16:44,551 WARN Tps point for RemoteNamingInstanceRegisterDeregister registered, But tps control manager is no limit implementation.

2025-06-05 14:16:44,552 INFO No tps control rule of NamingServiceUpdate found,content =null  

2025-06-05 14:16:44,552 WARN Tps point for NamingServiceUpdate registered, But tps control manager is no limit implementation.

2025-06-05 14:16:44,552 INFO No tps control rule of NamingServiceRegister found,content =null  

2025-06-05 14:16:44,553 WARN Tps point for NamingServiceRegister registered, But tps control manager is no limit implementation.

2025-06-05 14:16:44,553 INFO No tps control rule of NamingInstanceMetadataUpdate found,content =null  

2025-06-05 14:16:44,553 WARN Tps point for NamingInstanceMetadataUpdate registered, But tps control manager is no limit implementation.

2025-06-05 14:16:44,553 INFO No tps control rule of NamingInstanceDeregister found,content =null  

2025-06-05 14:16:44,554 WARN Tps point for NamingInstanceDeregister registered, But tps control manager is no limit implementation.

2025-06-05 14:16:44,554 INFO No tps control rule of HttpHealthCheck found,content =null  

2025-06-05 14:16:44,554 WARN Tps point for HttpHealthCheck registered, But tps control manager is no limit implementation.

2025-06-05 14:16:44,554 INFO No tps control rule of NamingServiceListQuery found,content =null  

2025-06-05 14:16:44,554 WARN Tps point for NamingServiceListQuery registered, But tps control manager is no limit implementation.

2025-06-05 14:16:44,554 WARN Tps point for NamingServiceUpdate registered, But tps control manager is no limit implementation.

2025-06-05 14:16:44,555 INFO No tps control rule of NamingInstanceRegister found,content =null  

2025-06-05 14:16:44,555 WARN Tps point for NamingInstanceRegister registered, But tps control manager is no limit implementation.

2025-06-05 14:16:44,555 INFO No tps control rule of NamingServiceSubscribe found,content =null  

2025-06-05 14:16:44,555 WARN Tps point for NamingServiceSubscribe registered, But tps control manager is no limit implementation.

2025-06-05 14:16:44,555 WARN Tps point for ConfigQuery registered, But tps control manager is no limit implementation.

2025-06-05 14:16:44,555 WARN Tps point for NamingInstanceRegister registered, But tps control manager is no limit implementation.

2025-06-05 14:16:44,556 WARN Tps point for NamingInstanceMetadataUpdate registered, But tps control manager is no limit implementation.

2025-06-05 14:16:44,556 INFO No tps control rule of NamingInstanceUpdate found,content =null  

2025-06-05 14:16:44,556 WARN Tps point for NamingInstanceUpdate registered, But tps control manager is no limit implementation.

2025-06-05 14:16:44,556 INFO No tps control rule of NamingServiceDeregister found,content =null  

2025-06-05 14:16:44,556 WARN Tps point for NamingServiceDeregister registered, But tps control manager is no limit implementation.

2025-06-05 14:16:44,556 WARN Tps point for NamingServiceRegister registered, But tps control manager is no limit implementation.

2025-06-05 14:16:44,557 INFO No tps control rule of NamingInstanceQuery found,content =null  

2025-06-05 14:16:44,557 WARN Tps point for NamingInstanceQuery registered, But tps control manager is no limit implementation.

2025-06-05 14:16:44,557 WARN Tps point for NamingServiceListQuery registered, But tps control manager is no limit implementation.

2025-06-05 14:16:44,557 WARN Tps point for NamingInstanceUpdate registered, But tps control manager is no limit implementation.

2025-06-05 14:16:44,557 WARN Tps point for ConfigPublish registered, But tps control manager is no limit implementation.

2025-06-05 14:16:44,558 WARN Tps point for NamingInstanceMetadataUpdate registered, But tps control manager is no limit implementation.

2025-06-05 14:16:44,558 WARN Tps point for NamingServiceDeregister registered, But tps control manager is no limit implementation.

2025-06-05 14:16:44,558 WARN Tps point for NamingInstanceQuery registered, But tps control manager is no limit implementation.

2025-06-05 14:16:44,559 INFO No tps control rule of NamingServiceQuery found,content =null  

2025-06-05 14:16:44,559 WARN Tps point for NamingServiceQuery registered, But tps control manager is no limit implementation.

2025-06-05 14:16:44,559 WARN Tps point for NamingServiceSubscribe registered, But tps control manager is no limit implementation.

2025-06-05 14:16:44,559 WARN Tps point for NamingInstanceDeregister registered, But tps control manager is no limit implementation.

2025-06-05 14:16:44,559 WARN Tps point for NamingServiceQuery registered, But tps control manager is no limit implementation.

2025-06-05 14:16:44,560 WARN Tps point for NamingInstanceMetadataUpdate registered, But tps control manager is no limit implementation.

2025-06-05 14:16:44,560 WARN Tps point for HttpHealthCheck registered, But tps control manager is no limit implementation.

2025-06-05 14:24:30,784 INFO Not configure type of control plugin, no limit control for current node.

2025-06-05 14:24:30,788 INFO Load connection metrics collector,size=2,[com.alibaba.nacos.config.server.service.LongPollingConnectionMetricsCollector@7db82169, com.alibaba.nacos.core.remote.LongConnectionMetricsCollector@f74e835]

2025-06-05 14:24:30,789 INFO No connection rule content found ,use default empty rule 

2025-06-05 14:24:30,817 INFO No tps control rule of CONFIG_PUSH_COUNT found,content =null  

2025-06-05 14:24:30,818 WARN Tps point for CONFIG_PUSH_COUNT registered, But tps control manager is no limit implementation.

2025-06-05 14:24:30,818 INFO No tps control rule of CONFIG_PUSH_SUCCESS found,content =null  

2025-06-05 14:24:30,818 WARN Tps point for CONFIG_PUSH_SUCCESS registered, But tps control manager is no limit implementation.

2025-06-05 14:24:30,819 INFO No tps control rule of CONFIG_PUSH_FAIL found,content =null  

2025-06-05 14:24:30,819 WARN Tps point for CONFIG_PUSH_FAIL registered, But tps control manager is no limit implementation.

2025-06-05 14:24:35,755 INFO No tps control rule of ConfigQuery found,content =null  

2025-06-05 14:24:35,755 WARN Tps point for ConfigQuery registered, But tps control manager is no limit implementation.

2025-06-05 14:24:35,756 INFO No tps control rule of ClusterConfigChangeNotify found,content =null  

2025-06-05 14:24:35,756 WARN Tps point for ClusterConfigChangeNotify registered, But tps control manager is no limit implementation.

2025-06-05 14:24:35,770 INFO No tps control rule of ConfigListen found,content =null  

2025-06-05 14:24:35,770 WARN Tps point for ConfigListen registered, But tps control manager is no limit implementation.

2025-06-05 14:24:35,770 INFO No tps control rule of ConfigRemove found,content =null  

2025-06-05 14:24:35,772 WARN Tps point for ConfigRemove registered, But tps control manager is no limit implementation.

2025-06-05 14:24:35,773 INFO No tps control rule of ConfigPublish found,content =null  

2025-06-05 14:24:35,773 WARN Tps point for ConfigPublish registered, But tps control manager is no limit implementation.

2025-06-05 14:24:35,774 INFO No tps control rule of HealthCheck found,content =null  

2025-06-05 14:24:35,774 WARN Tps point for HealthCheck registered, But tps control manager is no limit implementation.

2025-06-05 14:24:35,774 INFO No tps control rule of RemoteNamingServiceQuery found,content =null  

2025-06-05 14:24:35,775 WARN Tps point for RemoteNamingServiceQuery registered, But tps control manager is no limit implementation.

2025-06-05 14:24:35,775 INFO No tps control rule of RemoteNamingInstanceBatchRegister found,content =null  

2025-06-05 14:24:35,775 WARN Tps point for RemoteNamingInstanceBatchRegister registered, But tps control manager is no limit implementation.

2025-06-05 14:24:35,776 INFO No tps control rule of RemoteNamingInstanceRegisterDeregister found,content =null  

2025-06-05 14:24:35,776 WARN Tps point for RemoteNamingInstanceRegisterDeregister registered, But tps control manager is no limit implementation.

2025-06-05 14:24:35,777 INFO No tps control rule of RemoteNamingServiceListQuery found,content =null  

2025-06-05 14:24:35,778 WARN Tps point for RemoteNamingServiceListQuery registered, But tps control manager is no limit implementation.

2025-06-05 14:24:35,778 INFO No tps control rule of RemoteNamingServiceSubscribeUnSubscribe found,content =null  

2025-06-05 14:24:35,779 WARN Tps point for RemoteNamingServiceSubscribeUnSubscribe registered, But tps control manager is no limit implementation.

2025-06-05 14:24:35,779 WARN Tps point for RemoteNamingInstanceRegisterDeregister registered, But tps control manager is no limit implementation.

2025-06-05 14:24:35,780 INFO No tps control rule of NamingInstanceUpdate found,content =null  

2025-06-05 14:24:35,781 WARN Tps point for NamingInstanceUpdate registered, But tps control manager is no limit implementation.

2025-06-05 14:24:35,781 INFO No tps control rule of NamingServiceDeregister found,content =null  

2025-06-05 14:24:35,781 WARN Tps point for NamingServiceDeregister registered, But tps control manager is no limit implementation.

2025-06-05 14:24:35,781 WARN Tps point for NamingServiceDeregister registered, But tps control manager is no limit implementation.

2025-06-05 14:24:35,782 INFO No tps control rule of NamingServiceUpdate found,content =null  

2025-06-05 14:24:35,782 WARN Tps point for NamingServiceUpdate registered, But tps control manager is no limit implementation.

2025-06-05 14:24:35,782 WARN Tps point for ConfigPublish registered, But tps control manager is no limit implementation.

2025-06-05 14:24:35,783 INFO No tps control rule of NamingServiceQuery found,content =null  

2025-06-05 14:24:35,783 WARN Tps point for NamingServiceQuery registered, But tps control manager is no limit implementation.

2025-06-05 14:24:35,783 INFO No tps control rule of NamingInstanceMetadataUpdate found,content =null  

2025-06-05 14:24:35,783 WARN Tps point for NamingInstanceMetadataUpdate registered, But tps control manager is no limit implementation.

2025-06-05 14:24:35,784 WARN Tps point for NamingInstanceMetadataUpdate registered, But tps control manager is no limit implementation.

2025-06-05 14:24:35,784 INFO No tps control rule of NamingInstanceRegister found,content =null  

2025-06-05 14:24:35,784 WARN Tps point for NamingInstanceRegister registered, But tps control manager is no limit implementation.

2025-06-05 14:24:35,785 INFO No tps control rule of NamingServiceRegister found,content =null  

2025-06-05 14:24:35,785 WARN Tps point for NamingServiceRegister registered, But tps control manager is no limit implementation.

2025-06-05 14:24:35,785 WARN Tps point for NamingServiceRegister registered, But tps control manager is no limit implementation.

2025-06-05 14:24:35,786 WARN Tps point for NamingInstanceMetadataUpdate registered, But tps control manager is no limit implementation.

2025-06-05 14:24:35,786 INFO No tps control rule of NamingServiceSubscribe found,content =null  

2025-06-05 14:24:35,786 WARN Tps point for NamingServiceSubscribe registered, But tps control manager is no limit implementation.

2025-06-05 14:24:35,786 INFO No tps control rule of NamingInstanceDeregister found,content =null  

2025-06-05 14:24:35,786 WARN Tps point for NamingInstanceDeregister registered, But tps control manager is no limit implementation.

2025-06-05 14:24:35,787 INFO No tps control rule of NamingInstanceQuery found,content =null  

2025-06-05 14:24:35,787 WARN Tps point for NamingInstanceQuery registered, But tps control manager is no limit implementation.

2025-06-05 14:24:35,788 WARN Tps point for NamingInstanceMetadataUpdate registered, But tps control manager is no limit implementation.

2025-06-05 14:24:35,791 INFO No tps control rule of NamingServiceListQuery found,content =null  

2025-06-05 14:24:35,793 WARN Tps point for NamingServiceListQuery registered, But tps control manager is no limit implementation.

2025-06-05 14:24:35,793 WARN Tps point for NamingInstanceRegister registered, But tps control manager is no limit implementation.

2025-06-05 14:24:35,793 WARN Tps point for ConfigQuery registered, But tps control manager is no limit implementation.

2025-06-05 14:24:35,794 WARN Tps point for NamingServiceUpdate registered, But tps control manager is no limit implementation.

2025-06-05 14:24:35,794 WARN Tps point for NamingInstanceDeregister registered, But tps control manager is no limit implementation.

2025-06-05 14:24:35,794 WARN Tps point for NamingInstanceUpdate registered, But tps control manager is no limit implementation.

2025-06-05 14:24:35,795 INFO No tps control rule of HttpHealthCheck found,content =null  

2025-06-05 14:24:35,795 WARN Tps point for HttpHealthCheck registered, But tps control manager is no limit implementation.

2025-06-05 14:24:35,795 WARN Tps point for NamingServiceQuery registered, But tps control manager is no limit implementation.

2025-06-05 14:24:35,796 WARN Tps point for NamingInstanceQuery registered, But tps control manager is no limit implementation.

2025-06-05 14:24:35,796 WARN Tps point for HttpHealthCheck registered, But tps control manager is no limit implementation.

2025-06-05 14:24:35,796 WARN Tps point for NamingServiceListQuery registered, But tps control manager is no limit implementation.

2025-06-05 14:24:35,797 WARN Tps point for NamingServiceSubscribe registered, But tps control manager is no limit implementation.

2025-06-05 14:37:20,068 INFO Not configure type of control plugin, no limit control for current node.

2025-06-05 14:37:20,072 INFO Load connection metrics collector,size=2,[com.alibaba.nacos.config.server.service.LongPollingConnectionMetricsCollector@186978a6, com.alibaba.nacos.core.remote.LongConnectionMetricsCollector@482d776b]

2025-06-05 14:37:20,073 INFO No connection rule content found ,use default empty rule 

2025-06-05 14:37:20,099 INFO No tps control rule of CONFIG_PUSH_COUNT found,content =null  

2025-06-05 14:37:20,099 WARN Tps point for CONFIG_PUSH_COUNT registered, But tps control manager is no limit implementation.

2025-06-05 14:37:20,100 INFO No tps control rule of CONFIG_PUSH_SUCCESS found,content =null  

2025-06-05 14:37:20,100 WARN Tps point for CONFIG_PUSH_SUCCESS registered, But tps control manager is no limit implementation.

2025-06-05 14:37:20,101 INFO No tps control rule of CONFIG_PUSH_FAIL found,content =null  

2025-06-05 14:37:20,101 WARN Tps point for CONFIG_PUSH_FAIL registered, But tps control manager is no limit implementation.

2025-06-05 14:37:24,647 INFO No tps control rule of ConfigQuery found,content =null  

2025-06-05 14:37:24,647 WARN Tps point for ConfigQuery registered, But tps control manager is no limit implementation.

2025-06-05 14:37:24,648 INFO No tps control rule of ClusterConfigChangeNotify found,content =null  

2025-06-05 14:37:24,648 WARN Tps point for ClusterConfigChangeNotify registered, But tps control manager is no limit implementation.

2025-06-05 14:37:24,660 INFO No tps control rule of ConfigListen found,content =null  

2025-06-05 14:37:24,661 WARN Tps point for ConfigListen registered, But tps control manager is no limit implementation.

2025-06-05 14:37:24,661 INFO No tps control rule of ConfigRemove found,content =null  

2025-06-05 14:37:24,662 WARN Tps point for ConfigRemove registered, But tps control manager is no limit implementation.

2025-06-05 14:37:24,662 INFO No tps control rule of ConfigPublish found,content =null  

2025-06-05 14:37:24,662 WARN Tps point for ConfigPublish registered, But tps control manager is no limit implementation.

2025-06-05 14:37:24,662 INFO No tps control rule of HealthCheck found,content =null  

2025-06-05 14:37:24,663 WARN Tps point for HealthCheck registered, But tps control manager is no limit implementation.

2025-06-05 14:37:24,664 INFO No tps control rule of RemoteNamingServiceQuery found,content =null  

2025-06-05 14:37:24,664 WARN Tps point for RemoteNamingServiceQuery registered, But tps control manager is no limit implementation.

2025-06-05 14:37:24,664 INFO No tps control rule of RemoteNamingInstanceBatchRegister found,content =null  

2025-06-05 14:37:24,665 WARN Tps point for RemoteNamingInstanceBatchRegister registered, But tps control manager is no limit implementation.

2025-06-05 14:37:24,666 INFO No tps control rule of RemoteNamingInstanceRegisterDeregister found,content =null  

2025-06-05 14:37:24,666 WARN Tps point for RemoteNamingInstanceRegisterDeregister registered, But tps control manager is no limit implementation.

2025-06-05 14:37:24,666 INFO No tps control rule of RemoteNamingServiceListQuery found,content =null  

2025-06-05 14:37:24,666 WARN Tps point for RemoteNamingServiceListQuery registered, But tps control manager is no limit implementation.

2025-06-05 14:37:24,667 INFO No tps control rule of RemoteNamingServiceSubscribeUnSubscribe found,content =null  

2025-06-05 14:37:24,667 WARN Tps point for RemoteNamingServiceSubscribeUnSubscribe registered, But tps control manager is no limit implementation.

2025-06-05 14:37:24,667 WARN Tps point for RemoteNamingInstanceRegisterDeregister registered, But tps control manager is no limit implementation.

2025-06-05 14:37:24,669 INFO No tps control rule of NamingServiceListQuery found,content =null  

2025-06-05 14:37:24,669 WARN Tps point for NamingServiceListQuery registered, But tps control manager is no limit implementation.

2025-06-05 14:37:24,670 INFO No tps control rule of NamingServiceUpdate found,content =null  

2025-06-05 14:37:24,671 WARN Tps point for NamingServiceUpdate registered, But tps control manager is no limit implementation.

2025-06-05 14:37:24,671 INFO No tps control rule of NamingServiceDeregister found,content =null  

2025-06-05 14:37:24,671 WARN Tps point for NamingServiceDeregister registered, But tps control manager is no limit implementation.

2025-06-05 14:37:24,672 INFO No tps control rule of NamingInstanceRegister found,content =null  

2025-06-05 14:37:24,672 WARN Tps point for NamingInstanceRegister registered, But tps control manager is no limit implementation.

2025-06-05 14:37:24,672 INFO No tps control rule of NamingInstanceUpdate found,content =null  

2025-06-05 14:37:24,672 WARN Tps point for NamingInstanceUpdate registered, But tps control manager is no limit implementation.

2025-06-05 14:37:24,672 WARN Tps point for ConfigPublish registered, But tps control manager is no limit implementation.

2025-06-05 14:37:24,673 WARN Tps point for NamingServiceUpdate registered, But tps control manager is no limit implementation.

2025-06-05 14:37:24,673 WARN Tps point for ConfigQuery registered, But tps control manager is no limit implementation.

2025-06-05 14:37:24,673 INFO No tps control rule of NamingInstanceDeregister found,content =null  

2025-06-05 14:37:24,674 WARN Tps point for NamingInstanceDeregister registered, But tps control manager is no limit implementation.

2025-06-05 14:37:24,674 INFO No tps control rule of HttpHealthCheck found,content =null  

2025-06-05 14:37:24,675 WARN Tps point for HttpHealthCheck registered, But tps control manager is no limit implementation.

2025-06-05 14:37:24,675 WARN Tps point for NamingInstanceUpdate registered, But tps control manager is no limit implementation.

2025-06-05 14:37:24,675 INFO No tps control rule of NamingServiceQuery found,content =null  

2025-06-05 14:37:24,676 WARN Tps point for NamingServiceQuery registered, But tps control manager is no limit implementation.

2025-06-05 14:37:24,676 INFO No tps control rule of NamingServiceRegister found,content =null  

2025-06-05 14:37:24,676 WARN Tps point for NamingServiceRegister registered, But tps control manager is no limit implementation.

2025-06-05 14:37:24,676 INFO No tps control rule of NamingInstanceMetadataUpdate found,content =null  

2025-06-05 14:37:24,677 WARN Tps point for NamingInstanceMetadataUpdate registered, But tps control manager is no limit implementation.

2025-06-05 14:37:24,677 WARN Tps point for NamingInstanceDeregister registered, But tps control manager is no limit implementation.

2025-06-05 14:37:24,677 WARN Tps point for NamingServiceRegister registered, But tps control manager is no limit implementation.

2025-06-05 14:37:24,678 WARN Tps point for NamingInstanceMetadataUpdate registered, But tps control manager is no limit implementation.

2025-06-05 14:37:24,678 INFO No tps control rule of NamingInstanceQuery found,content =null  

2025-06-05 14:37:24,678 WARN Tps point for NamingInstanceQuery registered, But tps control manager is no limit implementation.

2025-06-05 14:37:24,679 WARN Tps point for NamingServiceListQuery registered, But tps control manager is no limit implementation.

2025-06-05 14:37:24,679 WARN Tps point for NamingInstanceQuery registered, But tps control manager is no limit implementation.

2025-06-05 14:37:24,680 INFO No tps control rule of NamingServiceSubscribe found,content =null  

2025-06-05 14:37:24,680 WARN Tps point for NamingServiceSubscribe registered, But tps control manager is no limit implementation.

2025-06-05 14:37:24,680 WARN Tps point for NamingInstanceMetadataUpdate registered, But tps control manager is no limit implementation.

2025-06-05 14:37:24,681 WARN Tps point for HttpHealthCheck registered, But tps control manager is no limit implementation.

2025-06-05 14:37:24,681 WARN Tps point for NamingServiceSubscribe registered, But tps control manager is no limit implementation.

2025-06-05 14:37:24,681 WARN Tps point for NamingInstanceRegister registered, But tps control manager is no limit implementation.

2025-06-05 14:37:24,682 WARN Tps point for NamingServiceQuery registered, But tps control manager is no limit implementation.

2025-06-05 14:37:24,682 WARN Tps point for NamingInstanceMetadataUpdate registered, But tps control manager is no limit implementation.

2025-06-05 14:37:24,682 WARN Tps point for NamingServiceDeregister registered, But tps control manager is no limit implementation.

