2025-06-05 10:15:12,246 INFO [ClientConnectionEventListenerRegistry] registry listener - ConnectionBasedClientManager

2025-06-05 10:15:22,771 INFO [ClientConnectionEventListenerRegistry] registry listener - ConnectionBasedClientManager

2025-06-05 10:15:31,883 INFO [ClientConnectionEventListenerRegistry] registry listener - ConnectionBasedClientManager

2025-06-05 10:15:41,869 INFO [ClientConnectionEventListenerRegistry] registry listener - ConnectionBasedClientManager

2025-06-05 10:15:51,604 INFO [ClientConnectionEventListenerRegistry] registry listener - ConnectionBasedClientManager

2025-06-05 10:16:01,501 INFO [ClientConnectionEventListenerRegistry] registry listener - ConnectionBasedClientManager

2025-06-05 10:16:12,416 INFO [ClientConnectionEventListenerRegistry] registry listener - ConnectionBasedClientManager

2025-06-05 10:16:23,955 INFO [ClientConnectionEventListenerRegistry] registry listener - ConnectionBasedClientManager

2025-06-05 10:16:42,166 INFO [ClientConnectionEventListenerRegistry] registry listener - ConnectionBasedClientManager

2025-06-05 10:16:47,613 INFO [ClientConnectionEventListenerRegistry] registry listener - ConfigConnectionEventListener

2025-06-05 10:16:47,683 INFO Nacos GrpcSdkServer Rpc server starting at port 9848

2025-06-05 10:16:48,182 INFO Load ProtocolNegotiatorBuilder com.alibaba.nacos.core.remote.grpc.negotiator.tls.SdkDefaultTlsProtocolNegotiatorBuilder for type DEFAULT_TLS

2025-06-05 10:16:48,182 INFO Load ProtocolNegotiatorBuilder com.alibaba.nacos.core.remote.grpc.negotiator.tls.ClusterDefaultTlsProtocolNegotiatorBuilder for type CLUSTER_DEFAULT_TLS

2025-06-05 10:16:48,183 WARN Not found ProtocolNegotiatorBuilder for type nacos.remote.server.rpc.protocol.negotiator.type, will use default type nacos.remote.server.rpc.protocol.negotiator.type

2025-06-05 10:16:48,188 WARN Recommended use 'nacos.remote.server.grpc.sdk.max-inbound-message-size' property instead 'nacos.remote.server.grpc.maxinbound.message.size', now property value is 10485760

2025-06-05 10:16:48,372 INFO Ssl Context auto refresh is not supported.

2025-06-05 10:16:48,373 INFO Ssl Context auto refresh is not supported.

2025-06-05 10:16:48,373 INFO RpcServerSslContextRefresher initialization completed.

2025-06-05 10:16:48,374 INFO Nacos GrpcSdkServer Rpc server started at port 9848

2025-06-05 10:16:48,377 INFO Nacos GrpcClusterServer Rpc server starting at port 9849

2025-06-05 10:16:48,379 WARN Not found ProtocolNegotiatorBuilder for type nacos.remote.cluster.server.rpc.protocol.negotiator.type, will use default type nacos.remote.cluster.server.rpc.protocol.negotiator.type

2025-06-05 10:16:48,380 WARN Recommended use 'nacos.remote.server.grpc.cluster.max-inbound-message-size' property instead 'nacos.remote.server.grpc.maxinbound.message.size', now property value is 10485760

2025-06-05 10:16:48,385 INFO Nacos GrpcClusterServer Rpc server started at port 9849

2025-06-05 10:16:48,427 INFO [ClientConnectionEventListenerRegistry] registry listener - RpcAckCallbackInitorOrCleaner

2025-06-05 10:34:56,377 INFO Nacos GrpcSdkServer Rpc server stopping

2025-06-05 10:34:56,380 INFO Nacos GrpcClusterServer Rpc server stopping

2025-06-05 10:34:56,394 INFO Nacos GrpcSdkServer Rpc server stopped successfully...

2025-06-05 10:34:56,394 INFO Nacos GrpcClusterServer Rpc server stopped successfully...

2025-06-05 11:07:59,378 INFO [ClientConnectionEventListenerRegistry] registry listener - ConnectionBasedClientManager

2025-06-05 11:08:06,374 INFO [ClientConnectionEventListenerRegistry] registry listener - ConfigConnectionEventListener

2025-06-05 11:08:06,430 INFO Nacos GrpcSdkServer Rpc server starting at port 9848

2025-06-05 11:08:06,775 INFO Load ProtocolNegotiatorBuilder com.alibaba.nacos.core.remote.grpc.negotiator.tls.SdkDefaultTlsProtocolNegotiatorBuilder for type DEFAULT_TLS

2025-06-05 11:08:06,776 INFO Load ProtocolNegotiatorBuilder com.alibaba.nacos.core.remote.grpc.negotiator.tls.ClusterDefaultTlsProtocolNegotiatorBuilder for type CLUSTER_DEFAULT_TLS

2025-06-05 11:08:06,776 WARN Not found ProtocolNegotiatorBuilder for type nacos.remote.server.rpc.protocol.negotiator.type, will use default type nacos.remote.server.rpc.protocol.negotiator.type

2025-06-05 11:08:06,780 WARN Recommended use 'nacos.remote.server.grpc.sdk.max-inbound-message-size' property instead 'nacos.remote.server.grpc.maxinbound.message.size', now property value is 10485760

2025-06-05 11:08:06,970 INFO Ssl Context auto refresh is not supported.

2025-06-05 11:08:06,970 INFO Ssl Context auto refresh is not supported.

2025-06-05 11:08:06,971 INFO RpcServerSslContextRefresher initialization completed.

2025-06-05 11:08:06,971 INFO Nacos GrpcSdkServer Rpc server started at port 9848

2025-06-05 11:08:06,975 INFO Nacos GrpcClusterServer Rpc server starting at port 9849

2025-06-05 11:08:06,979 WARN Not found ProtocolNegotiatorBuilder for type nacos.remote.cluster.server.rpc.protocol.negotiator.type, will use default type nacos.remote.cluster.server.rpc.protocol.negotiator.type

2025-06-05 11:08:06,980 WARN Recommended use 'nacos.remote.server.grpc.cluster.max-inbound-message-size' property instead 'nacos.remote.server.grpc.maxinbound.message.size', now property value is 10485760

2025-06-05 11:08:06,983 INFO Nacos GrpcClusterServer Rpc server started at port 9849

2025-06-05 11:08:07,032 INFO [ClientConnectionEventListenerRegistry] registry listener - RpcAckCallbackInitorOrCleaner

2025-06-05 11:19:24,602 INFO Nacos GrpcClusterServer Rpc server stopping

2025-06-05 11:19:24,605 INFO Nacos GrpcSdkServer Rpc server stopping

2025-06-05 11:19:24,686 INFO Nacos GrpcClusterServer Rpc server stopped successfully...

2025-06-05 11:19:24,686 INFO Nacos GrpcSdkServer Rpc server stopped successfully...

2025-06-05 14:16:35,128 INFO [ClientConnectionEventListenerRegistry] registry listener - ConnectionBasedClientManager

2025-06-05 14:16:40,407 INFO [ClientConnectionEventListenerRegistry] registry listener - ConfigConnectionEventListener

2025-06-05 14:16:40,462 INFO Nacos GrpcSdkServer Rpc server starting at port 9848

2025-06-05 14:16:40,876 INFO Load ProtocolNegotiatorBuilder com.alibaba.nacos.core.remote.grpc.negotiator.tls.SdkDefaultTlsProtocolNegotiatorBuilder for type DEFAULT_TLS

2025-06-05 14:16:40,876 INFO Load ProtocolNegotiatorBuilder com.alibaba.nacos.core.remote.grpc.negotiator.tls.ClusterDefaultTlsProtocolNegotiatorBuilder for type CLUSTER_DEFAULT_TLS

2025-06-05 14:16:40,877 WARN Not found ProtocolNegotiatorBuilder for type nacos.remote.server.rpc.protocol.negotiator.type, will use default type nacos.remote.server.rpc.protocol.negotiator.type

2025-06-05 14:16:40,880 WARN Recommended use 'nacos.remote.server.grpc.sdk.max-inbound-message-size' property instead 'nacos.remote.server.grpc.maxinbound.message.size', now property value is 10485760

2025-06-05 14:16:41,031 INFO Ssl Context auto refresh is not supported.

2025-06-05 14:16:41,031 INFO Ssl Context auto refresh is not supported.

2025-06-05 14:16:41,032 INFO RpcServerSslContextRefresher initialization completed.

2025-06-05 14:16:41,033 INFO Nacos GrpcSdkServer Rpc server started at port 9848

2025-06-05 14:16:41,035 INFO Nacos GrpcClusterServer Rpc server starting at port 9849

2025-06-05 14:16:41,038 WARN Not found ProtocolNegotiatorBuilder for type nacos.remote.cluster.server.rpc.protocol.negotiator.type, will use default type nacos.remote.cluster.server.rpc.protocol.negotiator.type

2025-06-05 14:16:41,041 WARN Recommended use 'nacos.remote.server.grpc.cluster.max-inbound-message-size' property instead 'nacos.remote.server.grpc.maxinbound.message.size', now property value is 10485760

2025-06-05 14:16:41,045 INFO Nacos GrpcClusterServer Rpc server started at port 9849

2025-06-05 14:16:41,099 INFO [ClientConnectionEventListenerRegistry] registry listener - RpcAckCallbackInitorOrCleaner

2025-06-05 14:23:56,280 INFO Nacos GrpcClusterServer Rpc server stopping

2025-06-05 14:23:56,282 INFO Nacos GrpcSdkServer Rpc server stopping

2025-06-05 14:23:56,340 INFO Nacos GrpcClusterServer Rpc server stopped successfully...

2025-06-05 14:23:56,340 INFO Nacos GrpcSdkServer Rpc server stopped successfully...

2025-06-05 14:24:27,603 INFO [ClientConnectionEventListenerRegistry] registry listener - ConnectionBasedClientManager

2025-06-05 14:24:32,064 INFO [ClientConnectionEventListenerRegistry] registry listener - ConfigConnectionEventListener

2025-06-05 14:24:32,102 INFO Nacos GrpcSdkServer Rpc server starting at port 9848

2025-06-05 14:24:32,340 INFO Load ProtocolNegotiatorBuilder com.alibaba.nacos.core.remote.grpc.negotiator.tls.SdkDefaultTlsProtocolNegotiatorBuilder for type DEFAULT_TLS

2025-06-05 14:24:32,341 INFO Load ProtocolNegotiatorBuilder com.alibaba.nacos.core.remote.grpc.negotiator.tls.ClusterDefaultTlsProtocolNegotiatorBuilder for type CLUSTER_DEFAULT_TLS

2025-06-05 14:24:32,341 WARN Not found ProtocolNegotiatorBuilder for type nacos.remote.server.rpc.protocol.negotiator.type, will use default type nacos.remote.server.rpc.protocol.negotiator.type

2025-06-05 14:24:32,346 WARN Recommended use 'nacos.remote.server.grpc.sdk.max-inbound-message-size' property instead 'nacos.remote.server.grpc.maxinbound.message.size', now property value is 10485760

2025-06-05 14:24:32,485 INFO Ssl Context auto refresh is not supported.

2025-06-05 14:24:32,485 INFO Ssl Context auto refresh is not supported.

2025-06-05 14:24:32,486 INFO RpcServerSslContextRefresher initialization completed.

2025-06-05 14:24:32,486 INFO Nacos GrpcSdkServer Rpc server started at port 9848

2025-06-05 14:24:32,489 INFO Nacos GrpcClusterServer Rpc server starting at port 9849

2025-06-05 14:24:32,490 WARN Not found ProtocolNegotiatorBuilder for type nacos.remote.cluster.server.rpc.protocol.negotiator.type, will use default type nacos.remote.cluster.server.rpc.protocol.negotiator.type

2025-06-05 14:24:32,491 WARN Recommended use 'nacos.remote.server.grpc.cluster.max-inbound-message-size' property instead 'nacos.remote.server.grpc.maxinbound.message.size', now property value is 10485760

2025-06-05 14:24:32,496 INFO Nacos GrpcClusterServer Rpc server started at port 9849

2025-06-05 14:24:32,536 INFO [ClientConnectionEventListenerRegistry] registry listener - RpcAckCallbackInitorOrCleaner

2025-06-05 14:34:50,113 INFO Nacos GrpcSdkServer Rpc server stopping

2025-06-05 14:34:50,122 INFO Nacos GrpcClusterServer Rpc server stopping

2025-06-05 14:34:50,166 INFO Nacos GrpcSdkServer Rpc server stopped successfully...

2025-06-05 14:34:50,166 INFO Nacos GrpcClusterServer Rpc server stopped successfully...

2025-06-05 14:37:17,053 INFO [ClientConnectionEventListenerRegistry] registry listener - ConnectionBasedClientManager

2025-06-05 14:37:21,371 INFO [ClientConnectionEventListenerRegistry] registry listener - ConfigConnectionEventListener

2025-06-05 14:37:21,416 INFO Nacos GrpcSdkServer Rpc server starting at port 9848

2025-06-05 14:37:21,724 INFO Load ProtocolNegotiatorBuilder com.alibaba.nacos.core.remote.grpc.negotiator.tls.SdkDefaultTlsProtocolNegotiatorBuilder for type DEFAULT_TLS

2025-06-05 14:37:21,725 INFO Load ProtocolNegotiatorBuilder com.alibaba.nacos.core.remote.grpc.negotiator.tls.ClusterDefaultTlsProtocolNegotiatorBuilder for type CLUSTER_DEFAULT_TLS

2025-06-05 14:37:21,725 WARN Not found ProtocolNegotiatorBuilder for type nacos.remote.server.rpc.protocol.negotiator.type, will use default type nacos.remote.server.rpc.protocol.negotiator.type

2025-06-05 14:37:21,731 WARN Recommended use 'nacos.remote.server.grpc.sdk.max-inbound-message-size' property instead 'nacos.remote.server.grpc.maxinbound.message.size', now property value is 10485760

2025-06-05 14:37:21,880 INFO Ssl Context auto refresh is not supported.

2025-06-05 14:37:21,881 INFO Ssl Context auto refresh is not supported.

2025-06-05 14:37:21,881 INFO RpcServerSslContextRefresher initialization completed.

2025-06-05 14:37:21,881 INFO Nacos GrpcSdkServer Rpc server started at port 9848

2025-06-05 14:37:21,887 INFO Nacos GrpcClusterServer Rpc server starting at port 9849

2025-06-05 14:37:21,888 WARN Not found ProtocolNegotiatorBuilder for type nacos.remote.cluster.server.rpc.protocol.negotiator.type, will use default type nacos.remote.cluster.server.rpc.protocol.negotiator.type

2025-06-05 14:37:21,893 WARN Recommended use 'nacos.remote.server.grpc.cluster.max-inbound-message-size' property instead 'nacos.remote.server.grpc.maxinbound.message.size', now property value is 10485760

2025-06-05 14:37:21,896 INFO Nacos GrpcClusterServer Rpc server started at port 9849

2025-06-05 14:37:21,938 INFO [ClientConnectionEventListenerRegistry] registry listener - RpcAckCallbackInitorOrCleaner

2025-06-05 14:39:32,445 INFO Nacos GrpcSdkServer Rpc server stopping

2025-06-05 14:39:32,451 INFO Nacos GrpcClusterServer Rpc server stopping

2025-06-05 14:39:32,490 INFO Nacos GrpcClusterServer Rpc server stopped successfully...

2025-06-05 14:39:32,490 INFO Nacos GrpcSdkServer Rpc server stopped successfully...

