2025-05-07 21:54:16.995  INFO --- [main] [io.seata.config.ConfigurationFactory] [load] []: load Configuration from :Spring Configuration
2025-05-07 21:54:17.043  INFO --- [main] [io.seata.config.ConfigurationFactory] [buildConfiguration] []: load Configuration from :Spring Configuration
2025-05-07 21:54:18.132  INFO --- [main] [io.seata.server.ServerApplication] [logStarting] []: Starting ServerApplication using Java 1.8.0_342 on 0b222b631cb5 with PID 1 (/seata-server/classes started by root in /seata-server)
2025-05-07 21:54:18.134  INFO --- [main] [io.seata.server.ServerApplication] [logStartupProfileInfo] []: No active profile set, falling back to 1 default profile: "default"
2025-05-07 21:54:22.514  INFO --- [main] [org.springframework.boot.web.embedded.tomcat.TomcatWebServer] [initialize] []: Tomcat initialized with port(s): 7091 (http)
2025-05-07 21:54:22.537  INFO --- [main] [org.apache.coyote.http11.Http11NioProtocol] [log] []: Initializing ProtocolHandler ["http-nio-7091"]
2025-05-07 21:54:22.542  INFO --- [main] [org.apache.catalina.core.StandardService] [log] []: Starting service [Tomcat]
2025-05-07 21:54:22.543  INFO --- [main] [org.apache.catalina.core.StandardEngine] [log] []: Starting Servlet engine: [Apache Tomcat/9.0.82]
2025-05-07 21:54:22.870  INFO --- [main] [org.apache.catalina.core.ContainerBase.[Tomcat].[localhost].[/]] [log] []: Initializing Spring embedded WebApplicationContext
2025-05-07 21:54:22.871  INFO --- [main] [org.springframework.boot.web.servlet.context.ServletWebServerApplicationContext] [prepareWebApplicationContext] []: Root WebApplicationContext: initialization completed in 4619 ms
2025-05-07 21:54:24.861  INFO --- [main] [org.springframework.boot.autoconfigure.web.servlet.WelcomePageHandlerMapping] [<init>] []: Adding welcome page: class path resource [static/index.html]
2025-05-07 21:54:25.918  INFO --- [main] [org.apache.coyote.http11.Http11NioProtocol] [log] []: Starting ProtocolHandler ["http-nio-7091"]
2025-05-07 21:54:25.989  INFO --- [main] [org.springframework.boot.web.embedded.tomcat.TomcatWebServer] [start] []: Tomcat started on port(s): 7091 (http) with context path ''
2025-05-07 21:54:26.031  INFO --- [main] [io.seata.server.ServerApplication] [logStarted] []: Started ServerApplication in 12.37 seconds (JVM running for 14.3)
2025-05-07 21:54:26.500  INFO --- [main] [io.seata.server.lock.LockerManagerFactory] [init] []: use lock store mode: file
2025-05-07 21:54:26.517  INFO --- [main] [io.seata.server.session.SessionHolder] [init] []: use session store mode: file
2025-05-07 21:54:26.749  INFO --- [main] [com.alipay.sofa.jraft.util.JRaftServiceLoader] [newProvider] []: SPI service [com.alipay.sofa.jraft.rpc.RaftRpcFactory - com.alipay.sofa.jraft.rpc.impl.BoltRaftRpcFactory] loading.
2025-05-07 21:54:27.061  INFO --- [main] [com.alipay.sofa.common.log] [report] []: Sofa-Middleware-Log SLF4J : Actual binding is of type [ com.alipay.remoting Logback ]
2025-05-07 21:54:27.697  INFO --- [main] [io.seata.core.rpc.netty.NettyServerBootstrap] [start] []: Server started, service listen port: 8091
2025-05-07 21:54:27.726  INFO --- [main] [io.seata.server.ServerRunner] [run] []: 
 you can visit seata console UI on http://127.0.0.1:7091. 
 log path: /logs/seata.
2025-05-07 21:54:27.726  INFO --- [main] [io.seata.server.ServerRunner] [run] []: seata server started in 1688 millSeconds
2025-05-07 22:04:22.309  INFO --- [SpringApplicationShutdownHook] [io.seata.core.rpc.netty.NettyServerBootstrap] [shutdown] []: Shutting server down, the listen port: 8091
2025-05-07 22:04:38.146  INFO --- [main] [io.seata.config.ConfigurationFactory] [load] []: load Configuration from :Spring Configuration
2025-05-07 22:04:38.238  INFO --- [main] [io.seata.config.ConfigurationFactory] [buildConfiguration] []: load Configuration from :Spring Configuration
2025-05-07 22:04:39.689  INFO --- [main] [io.seata.server.ServerApplication] [logStarting] []: Starting ServerApplication using Java 1.8.0_342 on 4a77aa1327b5 with PID 1 (/seata-server/classes started by root in /seata-server)
2025-05-07 22:04:39.692  INFO --- [main] [io.seata.server.ServerApplication] [logStartupProfileInfo] []: No active profile set, falling back to 1 default profile: "default"
2025-05-07 22:04:45.187  INFO --- [main] [org.springframework.boot.web.embedded.tomcat.TomcatWebServer] [initialize] []: Tomcat initialized with port(s): 7091 (http)
2025-05-07 22:04:45.306  INFO --- [main] [org.apache.coyote.http11.Http11NioProtocol] [log] []: Initializing ProtocolHandler ["http-nio-7091"]
2025-05-07 22:04:45.313  INFO --- [main] [org.apache.catalina.core.StandardService] [log] []: Starting service [Tomcat]
2025-05-07 22:04:45.313  INFO --- [main] [org.apache.catalina.core.StandardEngine] [log] []: Starting Servlet engine: [Apache Tomcat/9.0.82]
2025-05-07 22:04:45.741  INFO --- [main] [org.apache.catalina.core.ContainerBase.[Tomcat].[localhost].[/]] [log] []: Initializing Spring embedded WebApplicationContext
2025-05-07 22:04:45.742  INFO --- [main] [org.springframework.boot.web.servlet.context.ServletWebServerApplicationContext] [prepareWebApplicationContext] []: Root WebApplicationContext: initialization completed in 5831 ms
2025-05-07 22:04:48.045  INFO --- [main] [org.springframework.boot.autoconfigure.web.servlet.WelcomePageHandlerMapping] [<init>] []: Adding welcome page: class path resource [static/index.html]
2025-05-07 22:04:49.400  INFO --- [main] [org.apache.coyote.http11.Http11NioProtocol] [log] []: Starting ProtocolHandler ["http-nio-7091"]
2025-05-07 22:04:49.486  INFO --- [main] [org.springframework.boot.web.embedded.tomcat.TomcatWebServer] [start] []: Tomcat started on port(s): 7091 (http) with context path ''
2025-05-07 22:04:49.510  INFO --- [main] [io.seata.server.ServerApplication] [logStarted] []: Started ServerApplication in 15.926 seconds (JVM running for 18.465)
2025-05-07 22:04:50.279  INFO --- [main] [io.seata.server.lock.LockerManagerFactory] [init] []: use lock store mode: file
2025-05-07 22:04:50.307  INFO --- [main] [io.seata.server.session.SessionHolder] [init] []: use session store mode: file
2025-05-07 22:04:50.754  INFO --- [main] [com.alipay.sofa.jraft.util.JRaftServiceLoader] [newProvider] []: SPI service [com.alipay.sofa.jraft.rpc.RaftRpcFactory - com.alipay.sofa.jraft.rpc.impl.BoltRaftRpcFactory] loading.
2025-05-07 22:04:51.067  INFO --- [main] [com.alipay.sofa.common.log] [report] []: Sofa-Middleware-Log SLF4J : Actual binding is of type [ com.alipay.remoting Logback ]
2025-05-07 22:04:51.964  INFO --- [main] [io.seata.core.rpc.netty.NettyServerBootstrap] [start] []: Server started, service listen port: 8091
2025-05-07 22:04:52.025  INFO --- [main] [io.seata.server.ServerRunner] [run] []: 
 you can visit seata console UI on http://127.0.0.1:7091. 
 log path: /logs/seata.
2025-05-07 22:04:52.028  INFO --- [main] [io.seata.server.ServerRunner] [run] []: seata server started in 2507 millSeconds
2025-05-07 22:09:21.585  INFO --- [main] [io.seata.config.ConfigurationFactory] [load] []: load Configuration from :Spring Configuration
2025-05-07 22:09:21.761  INFO --- [main] [io.seata.config.ConfigurationFactory] [buildConfiguration] []: load Configuration from :Spring Configuration
2025-05-07 22:09:23.724  INFO --- [main] [io.seata.server.ServerApplication] [logStarting] []: Starting ServerApplication using Java 1.8.0_342 on c2ce1881735e with PID 1 (/seata-server/classes started by root in /seata-server)
2025-05-07 22:09:23.727  INFO --- [main] [io.seata.server.ServerApplication] [logStartupProfileInfo] []: No active profile set, falling back to 1 default profile: "default"
2025-05-07 22:09:30.831  INFO --- [main] [org.springframework.boot.web.embedded.tomcat.TomcatWebServer] [initialize] []: Tomcat initialized with port(s): 7091 (http)
2025-05-07 22:09:30.852  INFO --- [main] [org.apache.coyote.http11.Http11NioProtocol] [log] []: Initializing ProtocolHandler ["http-nio-7091"]
2025-05-07 22:09:30.861  INFO --- [main] [org.apache.catalina.core.StandardService] [log] []: Starting service [Tomcat]
2025-05-07 22:09:30.862  INFO --- [main] [org.apache.catalina.core.StandardEngine] [log] []: Starting Servlet engine: [Apache Tomcat/9.0.82]
2025-05-07 22:09:31.517  INFO --- [main] [org.apache.catalina.core.ContainerBase.[Tomcat].[localhost].[/]] [log] []: Initializing Spring embedded WebApplicationContext
2025-05-07 22:09:31.518  INFO --- [main] [org.springframework.boot.web.servlet.context.ServletWebServerApplicationContext] [prepareWebApplicationContext] []: Root WebApplicationContext: initialization completed in 7525 ms
2025-05-07 22:09:34.272  INFO --- [main] [org.springframework.boot.autoconfigure.web.servlet.WelcomePageHandlerMapping] [<init>] []: Adding welcome page: class path resource [static/index.html]
2025-05-07 22:09:35.982  INFO --- [main] [org.apache.coyote.http11.Http11NioProtocol] [log] []: Starting ProtocolHandler ["http-nio-7091"]
2025-05-07 22:09:36.165  INFO --- [main] [org.springframework.boot.web.embedded.tomcat.TomcatWebServer] [start] []: Tomcat started on port(s): 7091 (http) with context path ''
2025-05-07 22:09:36.244  INFO --- [main] [io.seata.server.ServerApplication] [logStarted] []: Started ServerApplication in 19.791 seconds (JVM running for 22.909)
2025-05-07 22:09:36.834  INFO --- [main] [io.seata.server.lock.LockerManagerFactory] [init] []: use lock store mode: file
2025-05-07 22:09:36.851  INFO --- [main] [io.seata.server.session.SessionHolder] [init] []: use session store mode: file
2025-05-07 22:09:37.550  INFO --- [main] [com.alipay.sofa.jraft.util.JRaftServiceLoader] [newProvider] []: SPI service [com.alipay.sofa.jraft.rpc.RaftRpcFactory - com.alipay.sofa.jraft.rpc.impl.BoltRaftRpcFactory] loading.
2025-05-07 22:09:38.100  INFO --- [main] [com.alipay.sofa.common.log] [report] []: Sofa-Middleware-Log SLF4J : Actual binding is of type [ com.alipay.remoting Logback ]
2025-05-07 22:09:39.194  INFO --- [main] [io.seata.core.rpc.netty.NettyServerBootstrap] [start] []: Server started, service listen port: 8091
2025-05-07 22:09:39.268  INFO --- [main] [io.seata.server.ServerRunner] [run] []: 
 you can visit seata console UI on http://127.0.0.1:7091. 
 log path: /logs/seata.
2025-05-07 22:09:39.268  INFO --- [main] [io.seata.server.ServerRunner] [run] []: seata server started in 3017 millSeconds
